Archive member included because of file (symbol)

c:/hightec/toolchains/tricore/v4.9.1.0-infineon-1.1/bin/../lib/gcc/tricore/4.9.4/tc161/short-double\libgcc.a(_fixunsdfsi.o)
                              src/vehicleController.o (__fixunsdfsi)
c:/hightec/toolchains/tricore/v4.9.1.0-infineon-1.1/bin/../lib/gcc/tricore/4.9.4/tc161/short-double\libgcc.a(_addsub_df.o)
                              src/PID.o (__adddf3)
c:/hightec/toolchains/tricore/v4.9.1.0-infineon-1.1/bin/../lib/gcc/tricore/4.9.4/tc161/short-double\libgcc.a(_mul_df.o)
                              src/PID.o (__muldf3)
c:/hightec/toolchains/tricore/v4.9.1.0-infineon-1.1/bin/../lib/gcc/tricore/4.9.4/tc161/short-double\libgcc.a(_div_df.o)
                              src/PID.o (__divdf3)
c:/hightec/toolchains/tricore/v4.9.1.0-infineon-1.1/bin/../lib/gcc/tricore/4.9.4/tc161/short-double\libgcc.a(_ge_df.o)
                              c:/hightec/toolchains/tricore/v4.9.1.0-infineon-1.1/bin/../lib/gcc/tricore/4.9.4/tc161/short-double\libgcc.a(_fixunsdfsi.o) (__gedf2)
c:/hightec/toolchains/tricore/v4.9.1.0-infineon-1.1/bin/../lib/gcc/tricore/4.9.4/tc161/short-double\libgcc.a(_lt_df.o)
                              src/PID.o (__ltdf2)
c:/hightec/toolchains/tricore/v4.9.1.0-infineon-1.1/bin/../lib/gcc/tricore/4.9.4/tc161/short-double\libgcc.a(_si_to_df.o)
                              src/PID.o (__floatsidf)
c:/hightec/toolchains/tricore/v4.9.1.0-infineon-1.1/bin/../lib/gcc/tricore/4.9.4/tc161/short-double\libgcc.a(_df_to_si.o)
                              c:/hightec/toolchains/tricore/v4.9.1.0-infineon-1.1/bin/../lib/gcc/tricore/4.9.4/tc161/short-double\libgcc.a(_fixunsdfsi.o) (__fixdfsi)
c:/hightec/toolchains/tricore/v4.9.1.0-infineon-1.1/bin/../lib/gcc/tricore/4.9.4/tc161/short-double\libgcc.a(_thenan_df.o)
                              c:/hightec/toolchains/tricore/v4.9.1.0-infineon-1.1/bin/../lib/gcc/tricore/4.9.4/tc161/short-double\libgcc.a(_addsub_df.o) (__thenan_df)
c:/hightec/toolchains/tricore/v4.9.1.0-infineon-1.1/bin/../lib/gcc/tricore/4.9.4/tc161/short-double\libgcc.a(_ashldi3.o)
                              c:/hightec/toolchains/tricore/v4.9.1.0-infineon-1.1/bin/../lib/gcc/tricore/4.9.4/tc161/short-double\libgcc.a(_addsub_df.o) (__ashldi3)
c:/hightec/toolchains/tricore/v4.9.1.0-infineon-1.1/bin/../lib/gcc/tricore/4.9.4/tc161/short-double\libgcc.a(_lshrdi3.o)
                              c:/hightec/toolchains/tricore/v4.9.1.0-infineon-1.1/bin/../lib/gcc/tricore/4.9.4/tc161/short-double\libgcc.a(_addsub_df.o) (__lshrdi3)
c:/hightec/toolchains/tricore/v4.9.1.0-infineon-1.1/bin/../lib/gcc/tricore/4.9.4/tc161/short-double\libgcc.a(_pack_df.o)
                              c:/hightec/toolchains/tricore/v4.9.1.0-infineon-1.1/bin/../lib/gcc/tricore/4.9.4/tc161/short-double\libgcc.a(_addsub_df.o) (__pack_d)
c:/hightec/toolchains/tricore/v4.9.1.0-infineon-1.1/bin/../lib/gcc/tricore/4.9.4/tc161/short-double\libgcc.a(_unpack_df.o)
                              c:/hightec/toolchains/tricore/v4.9.1.0-infineon-1.1/bin/../lib/gcc/tricore/4.9.4/tc161/short-double\libgcc.a(_addsub_df.o) (__unpack_d)
c:/hightec/toolchains/tricore/v4.9.1.0-infineon-1.1/bin/../lib/gcc/tricore/4.9.4/tc161/short-double\libgcc.a(_fpcmp_parts_df.o)
                              c:/hightec/toolchains/tricore/v4.9.1.0-infineon-1.1/bin/../lib/gcc/tricore/4.9.4/tc161/short-double\libgcc.a(_ge_df.o) (__fpcmp_parts_d)
c:/hightec/toolchains/tricore/v4.9.1.0-infineon-1.1/bin/../lib/gcc/tricore/4.9.4/../../../../tricore/lib/tc161/short-double\libos.a(cint.o)
                              src/interrupts.o (_install_int_handler)
c:/hightec/toolchains/tricore/v4.9.1.0-infineon-1.1/bin/../lib/gcc/tricore/4.9.4/../../../../tricore/lib/tc161/short-double\libos.a(ctraptab.o)
                              c:/hightec/toolchains/tricore/v4.9.1.0-infineon-1.1/bin/../lib/gcc/tricore/4.9.4/../../../../tricore/lib/tc161/short-double\libos.a(cint.o) (TriCore_trap_table)
c:/hightec/toolchains/tricore/v4.9.1.0-infineon-1.1/bin/../lib/gcc/tricore/4.9.4/../../../../tricore/lib/tc161/short-double\libos.a(cinttab.o)
                              c:/hightec/toolchains/tricore/v4.9.1.0-infineon-1.1/bin/../lib/gcc/tricore/4.9.4/../../../../tricore/lib/tc161/short-double\libos.a(cint.o) (TriCore_int_table)
c:/hightec/toolchains/tricore/v4.9.1.0-infineon-1.1/bin/../lib/gcc/tricore/4.9.4/../../../../tricore/lib/tc161/short-double\libos.a(wdtcon.o)
                              src/adc.o (unlock_wdtcon)
c:/hightec/toolchains/tricore/v4.9.1.0-infineon-1.1/bin/../lib/gcc/tricore/4.9.4/../../../../tricore/lib/tc161/short-double\libos.a(libos_exit.o)
                              c:/hightec/toolchains/tricore/v4.9.1.0-infineon-1.1/bin/../lib/gcc/tricore/4.9.4/crt0-tc23xx.o (_exit)
c:/hightec/toolchains/tricore/v4.9.1.0-infineon-1.1/bin/../lib/gcc/tricore/4.9.4/../../../../tricore/lib/tc161/short-double\libos.a(int1.o)
[...]
Memory Configuration

Name             Origin             Length             Used               Free               Attributes
PMU_PFLASH0      0x80000000         0x00200000         0x00008544         0x001f7abc         xr !p
PMU_DFLASH0      0xaf000000         0x00020000         0x00000000         0x00020000         r !xp
BROM             0x8fff8000         0x00008000         0x00000000         0x00008000         xr !p
PMI_PSPR         0xc0000000         0x00002000         0x00000000         0x00002000         xw !p
DMI_DSPR         0xd0000000         0x0002e000         0x0000c940         0x000216c0         w !xp
LMU_SRAM         0x90000000         0x00008000         0x00000000         0x00008000         w !xp
*default*        0x00000000         0xffffffff         0x00000053         0xffffffac

Linker script and memory map

LOAD c:/hightec/toolchains/tricore/v4.9.1.0-infineon-1.1/bin/../lib/gcc/tricore/4.9.4/tc161/short-double/crti.o
LOAD c:/hightec/toolchains/tricore/v4.9.1.0-infineon-1.1/bin/../lib/gcc/tricore/4.9.4/tc161/short-double/crtbegin.o
LOAD c:/hightec/toolchains/tricore/v4.9.1.0-infineon-1.1/bin/../lib/gcc/tricore/4.9.4/crt0-tc23xx.o
LOAD src/DMS.o
LOAD src/Hll.o
LOAD src/PID.o
LOAD src/Schedular.o
LOAD src/SchoolZone.o
LOAD src/adc.o
LOAD src/cameraController.o
LOAD src/driveController.o
LOAD src/encoder.o
LOAD src/encoder_set.o
LOAD src/imageProcess.o
LOAD src/interrupts.o
LOAD src/main.o
LOAD src/queueADT.o
LOAD src/rpm_RC.o
LOAD src/systemController.o
LOAD src/timerInputModule.o
LOAD src/timerOutputModule.o
LOAD src/vehicleController.o
LOAD c:/hightec/toolchains/tricore/v4.9.1.0-infineon-1.1/bin/../lib/gcc/tricore/4.9.4/tc161/short-double\libgcc.a
LOAD c:/hightec/toolchains/tricore/v4.9.1.0-infineon-1.1/bin/../lib/gcc/tricore/4.9.4/../../../../tricore/lib/tc161/short-double\libc.a
LOAD c:/hightec/toolchains/tricore/v4.9.1.0-infineon-1.1/bin/../lib/gcc/tricore/4.9.4/../../../../tricore/lib/tc161/short-double\libos.a
LOAD c:/hightec/toolchains/tricore/v4.9.1.0-infineon-1.1/bin/../lib/gcc/tricore/4.9.4/../../../../tricore/lib/tc161/short-double\libm.a
LOAD c:/hightec/toolchains/tricore/v4.9.1.0-infineon-1.1/bin/../lib/gcc/tricore/4.9.4/../../../../tricore/lib/tc161/short-double\libc.a
LOAD c:/hightec/toolchains/tricore/v4.9.1.0-infineon-1.1/bin/../lib/gcc/tricore/4.9.4/tc161/short-double\libgcc.a
LOAD c:/hightec/toolchains/tricore/v4.9.1.0-infineon-1.1/bin/../lib/gcc/tricore/4.9.4/tc161/short-double/crtend.o
LOAD c:/hightec/toolchains/tricore/v4.9.1.0-infineon-1.1/bin/../lib/gcc/tricore/4.9.4/tc161/short-double/crtn.o
                0x80000000                __PMU_PFLASH0_BEGIN = 0x80000000
                0x00200000                __PMU_PFLASH0_SIZE = 0x200000
                0xaf000000                __PMU_DFLASH0_BEGIN = 0xaf000000
                0x00020000                __PMU_DFLASH0_SIZE = 0x20000
                0x8fff8000                __BROM_BEGIN = 0x8fff8000
                0x00008000                __BROM_SIZE = 0x8000
                0xc0000000                __PMI_PSPR_BEGIN = 0xc0000000
                0x00002000                __PMI_PSPR_SIZE = 0x2000
                0xd0000000                __DMI_DSPR_BEGIN = 0xd0000000
                0x0002e000                __DMI_DSPR_SIZE = 0x2e000
                0x90000000                __LMU_SRAM_BEGIN = 0x90000000
                0x00008000                __LMU_SRAM_SIZE = 0x8000
                [0x00001000]                __USTACK_SIZE = DEFINED (__USTACK_SIZE)?__USTACK_SIZE:0x1000
                [0x00000400]                __ISTACK_SIZE = DEFINED (__ISTACK_SIZE)?__ISTACK_SIZE:0x400
                [0x00001000]                __HEAP_SIZE = DEFINED (__HEAP_SIZE)?__HEAP_SIZE:0x1000
                [0x00004000]                __CSA_SIZE = DEFINED (__CSA_SIZE)?__CSA_SIZE:0x4000

.startup_code   memory region -> PMU_PFLASH0
                0x80000000      0x400
                0x80000000                PROVIDE (__startup_code_start, .)
 *(.startup_code)
 .startup_code  0x80000000      0x400 c:/hightec/toolchains/tricore/v4.9.1.0-infineon-1.1/bin/../lib/gcc/tricore/4.9.4/crt0-tc23xx.o
                0x80000020                _start
                0x800001be                __init_csa
                0x80000232                __clear_table_func
                0x80000286                __copy_table_func
                0x80000300                first_trap_table
 *(.startup_code*)
                0x80000400                PROVIDE (__startup_code_end, .)
                0x80000400                . = ALIGN (0x8)

.text           memory region -> PMU_PFLASH0
                0x80000400     0x4300
                0x80000400                PROVIDE (__text_start, .)
 *(.text)
 .text          0x80000400      0x1ee src/DMS.o
                0x80000400                AEB
                0x80000418                DMS_filter
                0x800005c6                getDMS_BOTTOM
                0x800005d0                getDMS_TOP
                0x800005da                getDMS_RIGHT
                0x800005e4                getDMS_LEFT
 *fill*         0x800005ee        0x2 00
 .text          0x800005f0      0x110 src/Hll.o
                0x800005f0                Hill
 .text          0x80000700      0x158 src/PID.o
                0x80000700                PID_control
 .text          0x80000858      0x1e0 src/Schedular.o
                0x80000858                getBaseTick
                0x80000862                Scheduler
                0x80000970                Scheduler_1ms
                0x80000984                Scheduler_3ms
                0x80000998                Scheduler_5ms
                0x800009ac                Scheduler_10ms
                0x800009c0                Scheduler_20ms
                0x800009d4                Scheduler_50ms
                0x800009e8                Scheduler_100ms
                0x800009fc                Scheduler_500ms
                0x80000a10                Scheduler_1s
                0x80000a24                Scheduler_3s
 .text          0x80000a38      0x22e src/SchoolZone.o
                0x80000a38                isFrontObstacle
                0x80000a4a                Leftcross_obstacle
                0x80000ad0                Rightcross_obstacle
                0x80000b5a                schoolZoneStatus
 .text          0x80000c66      0x34c src/adc.o
                0x80000c66                adcInit
 .text          0x80000fb2      0x3ac src/cameraController.o
                0x80000fb2                cameraStructInit
                0x80000fd0                cameraStructInit2D
                0x80001010                cameraInit
                0x80001014                cameraClock
                0x80001066                getPixel
                0x800010c8                linearImgProcess
                0x800010fc                checkLinearProcess
                0x80001110                buildFrame
                0x800011ac                imgProcess2D
                0x8000120c                check2DProcess
                0x80001310                getGrayFrame
 .text          0x8000135e      0x44e src/driveController.o
                0x8000135e                setPurePursuit
                0x800013a2                setKineticStatus
                0x800013b2                logUpdate
                0x80001408                drivingControl
                0x80001422                servoset
                0x800015ae                updateDrivingStatus
 .text          0x800017ac       0xf8 src/encoder_set.o
                0x800017ac                Encoder_set
 .text          0x800018a4      0xa86 src/imageProcess.o
                0x800018a4                medianSort
                0x800018ea                median2D
                0x80001a9c                median
                0x80001ab4                medianSortStruct
                0x80001afa                gaussian
                0x80001c24                gradient
                0x80001e0e                nonMaximumSurpression
                0x80001eee                hysteresisThresholding
                0x80001f98                linearMedian
                0x8000207e                linearGaussian
                0x800021a2                linearSmoothing
                0x800021a6                linearGradient
                0x8000229c                linearNonMaximumSurpression
                0x800022f2                linearDoubleThresholding
 .text          0x8000232a       0x44 src/interrupts.o
                0x8000232a                InterruptInit
                0x80002334                InterruptInstall
 .text          0x8000236e       0x40 src/main.o
                0x8000236e                main
 .text          0x800023ae       0xa4 src/queueADT.o
                0x800023ae                queueInit
                0x800023d6                queueIsEmpty
                0x800023e0                queueIsFull
                0x800023f4                enQueue
                0x80002434                deQueue
 .text          0x80002452       0x1a src/rpm_RC.o
                0x80002452                Car_rpm_find
 .text          0x8000246c      0x1fc src/systemController.o
                0x8000246c                rpm_Front
                0x8000247c                BaseTick
                0x800024a8                systemTimerInit
                0x8000253c                phaseLockLoopInit
                0x80002656                systemInit
                0x8000265e                getFrontCnt
 .text          0x80002668      0x190 src/timerInputModule.o
                0x80002668                timerInputModuleInit
 .text          0x800027f8      0x57e src/timerOutputModule.o
                0x800027f8                timerOutputModuleInit
 .text          0x80002d76       0xfc src/vehicleController.o
                0x80002d76                peripheralInit
                0x80002dba                peripheralOn
                0x80002dea                pwmServo
                0x80002e14                pwmDcMotor
 .text          0x80002e72       0x1c c:/hightec/toolchains/tricore/v4.9.1.0-infineon-1.1/bin/../lib/gcc/tricore/4.9.4/../../../../tricore/lib/tc161/short-double\libos.a(int1.o)
                0x80002e72                __interrupt_1
 .text          0x80002e8e       0x2a c:/hightec/toolchains/tricore/v4.9.1.0-infineon-1.1/bin/../lib/gcc/tricore/4.9.4/../../../../tricore/lib/tc161/short-double\libos.a(trap6.o)
                0x80002e8e                __trap_6
 *(.text*)
 .text.deregister_tm_clones
                0x80002eb8       0x28 c:/hightec/toolchains/tricore/v4.9.1.0-infineon-1.1/bin/../lib/gcc/tricore/4.9.4/tc161/short-double/crtbegin.o
 .text.register_tm_clones
                0x80002ee0       0x2c c:/hightec/toolchains/tricore/v4.9.1.0-infineon-1.1/bin/../lib/gcc/tricore/4.9.4/tc161/short-double/crtbegin.o
 .text.__do_global_dtors_aux
                0x80002f0c       0x4c c:/hightec/toolchains/tricore/v4.9.1.0-infineon-1.1/bin/../lib/gcc/tricore/4.9.4/tc161/short-double/crtbegin.o
 .text.frame_dummy
                0x80002f58       0x1e c:/hightec/toolchains/tricore/v4.9.1.0-infineon-1.1/bin/../lib/gcc/tricore/4.9.4/tc161/short-double/crtbegin.o
 .text.__fixunsdfsi
                0x80002f76       0x30 c:/hightec/toolchains/tricore/v4.9.1.0-infineon-1.1/bin/../lib/gcc/tricore/4.9.4/tc161/short-double\libgcc.a(_fixunsdfsi.o)
                0x80002f76                __fixunsdfsi
 .text._fpadd_parts
                0x80002fa6      0x19c c:/hightec/toolchains/tricore/v4.9.1.0-infineon-1.1/bin/../lib/gcc/tricore/4.9.4/tc161/short-double\libgcc.a(_addsub_df.o)
 .text.__adddf3
                0x80003142       0x38 c:/hightec/toolchains/tricore/v4.9.1.0-infineon-1.1/bin/../lib/gcc/tricore/4.9.4/tc161/short-double\libgcc.a(_addsub_df.o)
                0x80003142                __adddf3
 .text.__subdf3
                0x8000317a       0x40 c:/hightec/toolchains/tricore/v4.9.1.0-infineon-1.1/bin/../lib/gcc/tricore/4.9.4/tc161/short-double\libgcc.a(_addsub_df.o)
                0x8000317a                __subdf3
 .text.__muldf3
                0x800031ba      0x1a4 c:/hightec/toolchains/tricore/v4.9.1.0-infineon-1.1/bin/../lib/gcc/tricore/4.9.4/tc161/short-double\libgcc.a(_mul_df.o)
                0x800031ba                __muldf3
 .text.__divdf3
                0x8000335e      0x118 c:/hightec/toolchains/tricore/v4.9.1.0-infineon-1.1/bin/../lib/gcc/tricore/4.9.4/tc161/short-double\libgcc.a(_div_df.o)
                0x8000335e                __divdf3
 .text.__gedf2  0x80003476       0x40 c:/hightec/toolchains/tricore/v4.9.1.0-infineon-1.1/bin/../lib/gcc/tricore/4.9.4/tc161/short-double\libgcc.a(_ge_df.o)
                0x80003476                __gedf2
 .text.__ltdf2  0x800034b6       0x40 c:/hightec/toolchains/tricore/v4.9.1.0-infineon-1.1/bin/../lib/gcc/tricore/4.9.4/tc161/short-double\libgcc.a(_lt_df.o)
                0x800034b6                __ltdf2
 .text.__floatsidf
                0x800034f6       0x48 c:/hightec/toolchains/tricore/v4.9.1.0-infineon-1.1/bin/../lib/gcc/tricore/4.9.4/tc161/short-double\libgcc.a(_si_to_df.o)
                0x800034f6                __floatsidf
 .text.__fixdfsi
                0x8000353e       0x4e c:/hightec/toolchains/tricore/v4.9.1.0-infineon-1.1/bin/../lib/gcc/tricore/4.9.4/tc161/short-double\libgcc.a(_df_to_si.o)
                0x8000353e                __fixdfsi
 .text.libgcc   0x8000358c       0x1a c:/hightec/toolchains/tricore/v4.9.1.0-infineon-1.1/bin/../lib/gcc/tricore/4.9.4/tc161/short-double\libgcc.a(_ashldi3.o)
                0x8000358c                __ashldi3
 .text.libgcc   0x800035a6       0x26 c:/hightec/toolchains/tricore/v4.9.1.0-infineon-1.1/bin/../lib/gcc/tricore/4.9.4/tc161/short-double\libgcc.a(_lshrdi3.o)
                0x800035a6                __lshrdi3
 .text.__pack_d
                0x800035cc      0x112 c:/hightec/toolchains/tricore/v4.9.1.0-infineon-1.1/bin/../lib/gcc/tricore/4.9.4/tc161/short-double\libgcc.a(_pack_df.o)
                0x800035cc                __pack_d
 .text.__unpack_d
                0x800036de       0xac c:/hightec/toolchains/tricore/v4.9.1.0-infineon-1.1/bin/../lib/gcc/tricore/4.9.4/tc161/short-double\libgcc.a(_unpack_df.o)
                0x800036de                __unpack_d
 .text.__fpcmp_parts_d
                0x8000378a       0xa6 c:/hightec/toolchains/tricore/v4.9.1.0-infineon-1.1/bin/../lib/gcc/tricore/4.9.4/tc161/short-double\libgcc.a(_fpcmp_parts_df.o)
                0x8000378a                __fpcmp_parts_d
 .text.__int_handler
                0x80003830        0x2 c:/hightec/toolchains/tricore/v4.9.1.0-infineon-1.1/bin/../lib/gcc/tricore/4.9.4/../../../../tricore/lib/tc161/short-double\libos.a(cint.o)
                0x80003830                __int_handler
 .text.__class_0_trap_handler
                0x80003832        0xe c:/hightec/toolchains/tricore/v4.9.1.0-infineon-1.1/bin/../lib/gcc/tricore/4.9.4/../../../../tricore/lib/tc161/short-double\libos.a(cint.o)
 .text.tsim_abort
                0x80003840       0x1a c:/hightec/toolchains/tricore/v4.9.1.0-infineon-1.1/bin/../lib/gcc/tricore/4.9.4/../../../../tricore/lib/tc161/short-double\libos.a(cint.o)
                0x80003840                tsim_abort
 .text.__class_7_trap_handler
                0x8000385a        0xa c:/hightec/toolchains/tricore/v4.9.1.0-infineon-1.1/bin/../lib/gcc/tricore/4.9.4/../../../../tricore/lib/tc161/short-double\libos.a(cint.o)
 .text.__class_6_trap_handler
                0x80003864        0xa c:/hightec/toolchains/tricore/v4.9.1.0-infineon-1.1/bin/../lib/gcc/tricore/4.9.4/../../../../tricore/lib/tc161/short-double\libos.a(cint.o)
 .text.__class_5_trap_handler
                0x8000386e        0xa c:/hightec/toolchains/tricore/v4.9.1.0-infineon-1.1/bin/../lib/gcc/tricore/4.9.4/../../../../tricore/lib/tc161/short-double\libos.a(cint.o)
 .text.__class_4_trap_handler
                0x80003878        0xa c:/hightec/toolchains/tricore/v4.9.1.0-infineon-1.1/bin/../lib/gcc/tricore/4.9.4/../../../../tricore/lib/tc161/short-double\libos.a(cint.o)
 .text.__class_3_trap_handler
                0x80003882        0xa c:/hightec/toolchains/tricore/v4.9.1.0-infineon-1.1/bin/../lib/gcc/tricore/4.9.4/../../../../tricore/lib/tc161/short-double\libos.a(cint.o)
 .text.__class_2_trap_handler
                0x8000388c        0xa c:/hightec/toolchains/tricore/v4.9.1.0-infineon-1.1/bin/../lib/gcc/tricore/4.9.4/../../../../tricore/lib/tc161/short-double\libos.a(cint.o)
 .text.__class_1_trap_handler
                0x80003896        0xa c:/hightec/toolchains/tricore/v4.9.1.0-infineon-1.1/bin/../lib/gcc/tricore/4.9.4/../../../../tricore/lib/tc161/short-double\libos.a(cint.o)
 .text._install_int_handler
                0x800038a0       0x26 c:/hightec/toolchains/tricore/v4.9.1.0-infineon-1.1/bin/../lib/gcc/tricore/4.9.4/../../../../tricore/lib/tc161/short-double\libos.a(cint.o)
                0x800038a0                _install_int_handler
 .text._init_vectab
                0x800038c6       0xac c:/hightec/toolchains/tricore/v4.9.1.0-infineon-1.1/bin/../lib/gcc/tricore/4.9.4/../../../../tricore/lib/tc161/short-double\libos.a(cint.o)
                0x800038c6                _init_vectab
 .text.unlock_wdtcon
                0x80003972       0x2c c:/hightec/toolchains/tricore/v4.9.1.0-infineon-1.1/bin/../lib/gcc/tricore/4.9.4/../../../../tricore/lib/tc161/short-double\libos.a(wdtcon.o)
                0x80003972                unlock_wdtcon
 .text.lock_wdtcon
                0x8000399e       0x2c c:/hightec/toolchains/tricore/v4.9.1.0-infineon-1.1/bin/../lib/gcc/tricore/4.9.4/../../../../tricore/lib/tc161/short-double\libos.a(wdtcon.o)
                0x8000399e                lock_wdtcon
 .text.unlock_safety_wdtcon
                0x800039ca       0x20 c:/hightec/toolchains/tricore/v4.9.1.0-infineon-1.1/bin/../lib/gcc/tricore/4.9.4/../../../../tricore/lib/tc161/short-double\libos.a(wdtcon.o)
                0x800039ca                unlock_safety_wdtcon
 .text.lock_safety_wdtcon
                0x800039ea       0x20 c:/hightec/toolchains/tricore/v4.9.1.0-infineon-1.1/bin/../lib/gcc/tricore/4.9.4/../../../../tricore/lib/tc161/short-double\libos.a(wdtcon.o)
                0x800039ea                lock_safety_wdtcon
 .text._exit    0x80003a0a       0x10 c:/hightec/toolchains/tricore/v4.9.1.0-infineon-1.1/bin/../lib/gcc/tricore/4.9.4/../../../../tricore/lib/tc161/short-double\libos.a(libos_exit.o)
                0x80003a0a                _exit
 .text.atanf    0x80003a1a      0x1a0 c:/hightec/toolchains/tricore/v4.9.1.0-infineon-1.1/bin/../lib/gcc/tricore/4.9.4/../../../../tricore/lib/tc161/short-double\libm.a(lib_a-sf_atan.o)
                0x80003a1a                atanf
 .text.atan     0x80003bba        0x4 c:/hightec/toolchains/tricore/v4.9.1.0-infineon-1.1/bin/../lib/gcc/tricore/4.9.4/../../../../tricore/lib/tc161/short-double\libm.a(lib_a-sf_atan.o)
                0x80003bba                atan
 .text.fabsf    0x80003bbe        0x6 c:/hightec/toolchains/tricore/v4.9.1.0-infineon-1.1/bin/../lib/gcc/tricore/4.9.4/../../../../tricore/lib/tc161/short-double\libm.a(lib_a-sf_fabs.o)
                0x80003bbe                fabsf
 .text.sincos   0x80003bc4       0x16 c:/hightec/toolchains/tricore/v4.9.1.0-infineon-1.1/bin/../lib/gcc/tricore/4.9.4/../../../../tricore/lib/tc161/short-double\libm.a(lib_a-wf_sincos.o)
                0x80003bc4                sincos
 .text.cosf     0x80003bda       0x58 c:/hightec/toolchains/tricore/v4.9.1.0-infineon-1.1/bin/../lib/gcc/tricore/4.9.4/../../../../tricore/lib/tc161/short-double\libm.a(lib_a-sf_cos.o)
                0x80003bda                cosf
 .text.sinf     0x80003c32       0x5a c:/hightec/toolchains/tricore/v4.9.1.0-infineon-1.1/bin/../lib/gcc/tricore/4.9.4/../../../../tricore/lib/tc161/short-double\libm.a(lib_a-sf_sin.o)
                0x80003c32                sinf
 .text.__ieee754_rem_pio2f
                0x80003c8c      0x24a c:/hightec/toolchains/tricore/v4.9.1.0-infineon-1.1/bin/../lib/gcc/tricore/4.9.4/../../../../tricore/lib/tc161/short-double\libm.a(lib_a-ef_rem_pio2.o)
                0x80003c8c                __ieee754_rem_pio2f
 .text.__kernel_cosf
                0x80003ed6       0xbc c:/hightec/toolchains/tricore/v4.9.1.0-infineon-1.1/bin/../lib/gcc/tricore/4.9.4/../../../../tricore/lib/tc161/short-double\libm.a(lib_a-kf_cos.o)
                0x80003ed6                __kernel_cosf
 *fill*         0x80003f92        0x2 00
 .text.__kernel_rem_pio2f
                0x80003f94      0x568 c:/hightec/toolchains/tricore/v4.9.1.0-infineon-1.1/bin/../lib/gcc/tricore/4.9.4/../../../../tricore/lib/tc161/short-double\libm.a(lib_a-kf_rem_pio2.o)
                0x80003f94                __kernel_rem_pio2f
 .text.__kernel_sinf
                0x800044fc       0x8e c:/hightec/toolchains/tricore/v4.9.1.0-infineon-1.1/bin/../lib/gcc/tricore/4.9.4/../../../../tricore/lib/tc161/short-double\libm.a(lib_a-kf_sin.o)
                0x800044fc                __kernel_sinf
 .text.floorf   0x8000458a       0x9e c:/hightec/toolchains/tricore/v4.9.1.0-infineon-1.1/bin/../lib/gcc/tricore/4.9.4/../../../../tricore/lib/tc161/short-double\libm.a(lib_a-sf_floor.o)
                0x8000458a                floorf
 .text.scalbnf  0x80004628       0xae c:/hightec/toolchains/tricore/v4.9.1.0-infineon-1.1/bin/../lib/gcc/tricore/4.9.4/../../../../tricore/lib/tc161/short-double\libm.a(lib_a-sf_scalbn.o)
                0x80004628                scalbnf
 .text.copysignf
                0x800046d6        0x6 c:/hightec/toolchains/tricore/v4.9.1.0-infineon-1.1/bin/../lib/gcc/tricore/4.9.4/../../../../tricore/lib/tc161/short-double\libm.a(lib_a-sf_copysign.o)
                0x800046d6                copysignf
 .text.__do_global_ctors_aux
                0x800046dc       0x1e c:/hightec/toolchains/tricore/v4.9.1.0-infineon-1.1/bin/../lib/gcc/tricore/4.9.4/tc161/short-double/crtend.o
 *(.gnu.linkonce.t.*)
                0x800046fa                PROVIDE (__text_end, .)
                0x80004700                . = ALIGN (0x8)
 *fill*         0x800046fa        0x6 00

.init           memory region -> PMU_PFLASH0
                0x80004700       0x10
                0x80004700                PROVIDE (__init_start, .)
 *(.init)
 .init          0x80004700        0x0 c:/hightec/toolchains/tricore/v4.9.1.0-infineon-1.1/bin/../lib/gcc/tricore/4.9.4/tc161/short-double/crti.o
                0x80004700                _init
 .init          0x80004700        0x4 c:/hightec/toolchains/tricore/v4.9.1.0-infineon-1.1/bin/../lib/gcc/tricore/4.9.4/tc161/short-double/crtbegin.o
 .init          0x80004704        0x4 c:/hightec/toolchains/tricore/v4.9.1.0-infineon-1.1/bin/../lib/gcc/tricore/4.9.4/tc161/short-double/crtend.o
 .init          0x80004708        0x2 c:/hightec/toolchains/tricore/v4.9.1.0-infineon-1.1/bin/../lib/gcc/tricore/4.9.4/tc161/short-double/crtn.o
 *(.init*)
                0x8000470a                PROVIDE (__init_end, .)
                0x80004710                . = ALIGN (0x8)
 *fill*         0x8000470a        0x6 00

.fini           memory region -> PMU_PFLASH0
                0x80004710        0x8
                0x80004710                PROVIDE (__fini_start, .)
 *(.fini)
 .fini          0x80004710        0x0 c:/hightec/toolchains/tricore/v4.9.1.0-infineon-1.1/bin/../lib/gcc/tricore/4.9.4/tc161/short-double/crti.o
                0x80004710                _fini
 .fini          0x80004710        0x4 c:/hightec/toolchains/tricore/v4.9.1.0-infineon-1.1/bin/../lib/gcc/tricore/4.9.4/tc161/short-double/crtbegin.o
 .fini          0x80004714        0x2 c:/hightec/toolchains/tricore/v4.9.1.0-infineon-1.1/bin/../lib/gcc/tricore/4.9.4/tc161/short-double/crtn.o
 *(.fini*)
                0x80004716                PROVIDE (__fini_end, .)
                0x80004718                . = ALIGN (0x8)
 *fill*         0x80004716        0x2 00

.traptab        memory region -> PMU_PFLASH0
                0x80004800      0x100
                0x80004800                PROVIDE (__traptab_start, .)
 *(.traptab)
 .traptab       0x80004800      0x100 c:/hightec/toolchains/tricore/v4.9.1.0-infineon-1.1/bin/../lib/gcc/tricore/4.9.4/../../../../tricore/lib/tc161/short-double\libos.a(ctraptab.o)
                0x80004800                TriCore_trap_table
                0x80004800                __trap_0
                0x80004820                __trap_1
                0x80004840                __trap_2
                0x80004860                __trap_3
                0x80004880                __trap_4
                0x800048a0                __trap_5
                0x800048c0                ___trap_6
                0x800048e0                __trap_7
 *(.traptab*)
                0x80004900                PROVIDE (__traptab_end, .)
                0x80004900                . = ALIGN (0x8)

.inttab         memory region -> PMU_PFLASH0
                0x80006000     0x2000
                0x80006000                PROVIDE (__inttab_start, .)
 *(.inttab)
 .inttab        0x80006000     0x2000 c:/hightec/toolchains/tricore/v4.9.1.0-infineon-1.1/bin/../lib/gcc/tricore/4.9.4/../../../../tricore/lib/tc161/short-double\libos.a(cinttab.o)
                0x80006000                TriCore_int_table
                0x80006020                ___interrupt_1
                0x80006040                __interrupt_2
                0x80006060                __interrupt_3
                0x80006080                __interrupt_4
                0x800060a0                __interrupt_5
                0x800060c0                __interrupt_6
                0x800060e0                __interrupt_7
                0x80006100                __interrupt_8
                0x80006120                __interrupt_9
                0x80006140                __interrupt_10
                0x80006160                __interrupt_11
                0x80006180                __interrupt_12
                0x800061a0                __interrupt_13
                0x800061c0                __interrupt_14
                0x800061e0                __interrupt_15
                0x80006200                __interrupt_16
                0x80006220                __interrupt_17
                0x80006240                __interrupt_18
                0x80006260                __interrupt_19
                0x80006280                __interrupt_20
                0x800062a0                __interrupt_21
                0x800062c0                __interrupt_22
                0x800062e0                __interrupt_23
                0x80006300                __interrupt_24
                0x80006320                __interrupt_25
                0x80006340                __interrupt_26
                0x80006360                __interrupt_27
                0x80006380                __interrupt_28
                0x800063a0                __interrupt_29
                0x800063c0                __interrupt_30
                0x800063e0                __interrupt_31
                0x80006400                __interrupt_32
                0x80006420                __interrupt_33
                0x80006440                __interrupt_34
                0x80006460                __interrupt_35
                0x80006480                __interrupt_36
                0x800064a0                __interrupt_37
                0x800064c0                __interrupt_38
                0x800064e0                __interrupt_39
                0x80006500                __interrupt_40
                0x80006520                __interrupt_41
                0x80006540                __interrupt_42
                0x80006560                __interrupt_43
                0x80006580                __interrupt_44
                0x800065a0                __interrupt_45
                0x800065c0                __interrupt_46
                0x800065e0                __interrupt_47
                0x80006600                __interrupt_48
                0x80006620                __interrupt_49
                0x80006640                __interrupt_50
                0x80006660                __interrupt_51
                0x80006680                __interrupt_52
                0x800066a0                __interrupt_53
                0x800066c0                __interrupt_54
                0x800066e0                __interrupt_55
                0x80006700                __interrupt_56
                0x80006720                __interrupt_57
                0x80006740                __interrupt_58
                0x80006760                __interrupt_59
                0x80006780                __interrupt_60
                0x800067a0                __interrupt_61
                0x800067c0                __interrupt_62
                0x800067e0                __interrupt_63
                0x80006800                __interrupt_64
                0x80006820                __interrupt_65
                0x80006840                __interrupt_66
                0x80006860                __interrupt_67
                0x80006880                __interrupt_68
                0x800068a0                __interrupt_69
                0x800068c0                __interrupt_70
                0x800068e0                __interrupt_71
                0x80006900                __interrupt_72
                0x80006920                __interrupt_73
                0x80006940                __interrupt_74
                0x80006960                __interrupt_75
                0x80006980                __interrupt_76
                0x800069a0                __interrupt_77
                0x800069c0                __interrupt_78
                0x800069e0                __interrupt_79
                0x80006a00                __interrupt_80
                0x80006a20                __interrupt_81
                0x80006a40                __interrupt_82
                0x80006a60                __interrupt_83
                0x80006a80                __interrupt_84
                0x80006aa0                __interrupt_85
                0x80006ac0                __interrupt_86
                0x80006ae0                __interrupt_87
                0x80006b00                __interrupt_88
                0x80006b20                __interrupt_89
                0x80006b40                __interrupt_90
                0x80006b60                __interrupt_91
                0x80006b80                __interrupt_92
                0x80006ba0                __interrupt_93
                0x80006bc0                __interrupt_94
                0x80006be0                __interrupt_95
                0x80006c00                __interrupt_96
                0x80006c20                __interrupt_97
                0x80006c40                __interrupt_98
                0x80006c60                __interrupt_99
                0x80006c80                __interrupt_100
                0x80006ca0                __interrupt_101
                0x80006cc0                __interrupt_102
                0x80006ce0                __interrupt_103
                0x80006d00                __interrupt_104
                0x80006d20                __interrupt_105
                0x80006d40                __interrupt_106
                0x80006d60                __interrupt_107
                0x80006d80                __interrupt_108
                0x80006da0                __interrupt_109
                0x80006dc0                __interrupt_110
                0x80006de0                __interrupt_111
                0x80006e00                __interrupt_112
                0x80006e20                __interrupt_113
                0x80006e40                __interrupt_114
                0x80006e60                __interrupt_115
                0x80006e80                __interrupt_116
                0x80006ea0                __interrupt_117
                0x80006ec0                __interrupt_118
                0x80006ee0                __interrupt_119
                0x80006f00                __interrupt_120
                0x80006f20                __interrupt_121
                0x80006f40                __interrupt_122
                0x80006f60                __interrupt_123
                0x80006f80                __interrupt_124
                0x80006fa0                __interrupt_125
                0x80006fc0                __interrupt_126
                0x80006fe0                __interrupt_127
                0x80007000                __interrupt_128
                0x80007020                __interrupt_129
                0x80007040                __interrupt_130
                0x80007060                __interrupt_131
                0x80007080                __interrupt_132
                0x800070a0                __interrupt_133
                0x800070c0                __interrupt_134
                0x800070e0                __interrupt_135
                0x80007100                __interrupt_136
                0x80007120                __interrupt_137
                0x80007140                __interrupt_138
                0x80007160                __interrupt_139
                0x80007180                __interrupt_140
                0x800071a0                __interrupt_141
                0x800071c0                __interrupt_142
                0x800071e0                __interrupt_143
                0x80007200                __interrupt_144
                0x80007220                __interrupt_145
                0x80007240                __interrupt_146
                0x80007260                __interrupt_147
                0x80007280                __interrupt_148
                0x800072a0                __interrupt_149
                0x800072c0                __interrupt_150
                0x800072e0                __interrupt_151
                0x80007300                __interrupt_152
                0x80007320                __interrupt_153
                0x80007340                __interrupt_154
                0x80007360                __interrupt_155
                0x80007380                __interrupt_156
                0x800073a0                __interrupt_157
                0x800073c0                __interrupt_158
                0x800073e0                __interrupt_159
                0x80007400                __interrupt_160
                0x80007420                __interrupt_161
                0x80007440                __interrupt_162
                0x80007460                __interrupt_163
                0x80007480                __interrupt_164
                0x800074a0                __interrupt_165
                0x800074c0                __interrupt_166
                0x800074e0                __interrupt_167
                0x80007500                __interrupt_168
                0x80007520                __interrupt_169
                0x80007540                __interrupt_170
                0x80007560                __interrupt_171
                0x80007580                __interrupt_172
                0x800075a0                __interrupt_173
                0x800075c0                __interrupt_174
                0x800075e0                __interrupt_175
                0x80007600                __interrupt_176
                0x80007620                __interrupt_177
                0x80007640                __interrupt_178
                0x80007660                __interrupt_179
                0x80007680                __interrupt_180
                0x800076a0                __interrupt_181
                0x800076c0                __interrupt_182
                0x800076e0                __interrupt_183
                0x80007700                __interrupt_184
                0x80007720                __interrupt_185
                0x80007740                __interrupt_186
                0x80007760                __interrupt_187
                0x80007780                __interrupt_188
                0x800077a0                __interrupt_189
                0x800077c0                __interrupt_190
                0x800077e0                __interrupt_191
                0x80007800                __interrupt_192
                0x80007820                __interrupt_193
                0x80007840                __interrupt_194
                0x80007860                __interrupt_195
                0x80007880                __interrupt_196
                0x800078a0                __interrupt_197
                0x800078c0                __interrupt_198
                0x800078e0                __interrupt_199
                0x80007900                __interrupt_200
                0x80007920                __interrupt_201
                0x80007940                __interrupt_202
                0x80007960                __interrupt_203
                0x80007980                __interrupt_204
                0x800079a0                __interrupt_205
                0x800079c0                __interrupt_206
                0x800079e0                __interrupt_207
                0x80007a00                __interrupt_208
                0x80007a20                __interrupt_209
                0x80007a40                __interrupt_210
                0x80007a60                __interrupt_211
                0x80007a80                __interrupt_212
                0x80007aa0                __interrupt_213
                0x80007ac0                __interrupt_214
                0x80007ae0                __interrupt_215
                0x80007b00                __interrupt_216
                0x80007b20                __interrupt_217
                0x80007b40                __interrupt_218
                0x80007b60                __interrupt_219
                0x80007b80                __interrupt_220
                0x80007ba0                __interrupt_221
                0x80007bc0                __interrupt_222
                0x80007be0                __interrupt_223
                0x80007c00                __interrupt_224
                0x80007c20                __interrupt_225
                0x80007c40                __interrupt_226
                0x80007c60                __interrupt_227
                0x80007c80                __interrupt_228
                0x80007ca0                __interrupt_229
                0x80007cc0                __interrupt_230
                0x80007ce0                __interrupt_231
                0x80007d00                __interrupt_232
                0x80007d20                __interrupt_233
                0x80007d40                __interrupt_234
                0x80007d60                __interrupt_235
                0x80007d80                __interrupt_236
                0x80007da0                __interrupt_237
                0x80007dc0                __interrupt_238
                0x80007de0                __interrupt_239
                0x80007e00                __interrupt_240
                0x80007e20                __interrupt_241
                0x80007e40                __interrupt_242
                0x80007e60                __interrupt_243
                0x80007e80                __interrupt_244
                0x80007ea0                __interrupt_245
                0x80007ec0                __interrupt_246
                0x80007ee0                __interrupt_247
                0x80007f00                __interrupt_248
                0x80007f20                __interrupt_249
                0x80007f40                __interrupt_250
                0x80007f60                __interrupt_251
                0x80007f80                __interrupt_252
                0x80007fa0                __interrupt_253
                0x80007fc0                __interrupt_254
                0x80007fe0                __interrupt_255
 *(.inttab*)
                0x80008000                PROVIDE (__inttab_end, .)
                0x80008000                . = ALIGN (0x8)

.eh_frame       memory region -> PMU_PFLASH0
                0x80008000        0x0
                0x80008000                PROVIDE (__eh_frame_start, .)
 *(.eh_frame)
 *(.eh_frame*)
                0x80008000                PROVIDE (__eh_frame_end, .)
                0x80008000                . = ALIGN (0x8)

.zdata          memory region -> DMI_DSPR
                0xd0000000        0x0 load address 0x80008000
                0xd0000000                PROVIDE (__zdata_start, .)
 *(.zdata)
 *(.zdata*)
 *(.zdata.rodata)
 *(.zdata.rodata*)
 *(.zrodata)
 *(.zrodata*)
 *(.gnu.linkonce.z.*)
 *(.gnu.linkonce.zr.*)
                0xd0000000                PROVIDE (__zdata_end, .)
                0xd0000000                . = ALIGN (0x8)

.zbss           memory region -> DMI_DSPR
                0xd0000000        0x0 load address 0x80008000
                0xd0000000                PROVIDE (__zbss_start, .)
 *(.zbss)
 *(.zbss*)
 *(.gnu.linkonce.zb.*)
                0xd0000000                PROVIDE (__zbss_end, .)
                0xd0000000                . = ALIGN (0x8)

.bbss           memory region -> DMI_DSPR
                0xd0000000        0x0 load address 0x80008000
                0xd0000000                PROVIDE (__bbss_start, .)
 *(.bbss)
 *(.bbss*)
                0xd0000000                PROVIDE (__bbss_end, .)
                0xd0000000                . = ALIGN (0x8)

.bdata          memory region -> DMI_DSPR
                0xd0000000        0x0 load address 0x80008000
                0xd0000000                PROVIDE (__bdata_start, .)
 *(.bdata)
 *(.bdata*)
                0xd0000000                PROVIDE (__bdata_end, .)
                0xd0000000                . = ALIGN (0x8)

.sdata2         memory region -> PMU_PFLASH0
                0x80008000        0x0
                0x80008000                PROVIDE (__sdata2_start, .)
 *(.sdata.rodata)
 *(.sdata.rodata*)
 *(.gnu.linkonce.sr.*)
                0x80008000                PROVIDE (__sdata2_end, .)
                0x80008000                . = ALIGN (0x8)

.sdata          memory region -> DMI_DSPR
                0xd0000000        0x0 load address 0x80008000
                0xd0000000                PROVIDE (__sdata_start, .)
 *(.sdata)
 *(.sdata*)
 *(.gnu.linkonce.s.*)
                0xd0000000                PROVIDE (__sdata_end, .)
                0xd0000000                . = ALIGN (0x8)

.sbss           memory region -> DMI_DSPR
                0xd0000000        0x0 load address 0x80008000
                0xd0000000                PROVIDE (__sbss_start, .)
 *(.sbss)
 *(.sbss*)
 *(.gnu.linkonce.sb.*)
                0xd0000000                PROVIDE (__sbss_end, .)
                0xd0000000                . = ALIGN (0x8)

.rodata         memory region -> PMU_PFLASH0
                0x80008000      0x4a0
                0x80008000                PROVIDE (__rodata_start, .)
 *(.rodata)
 .rodata        0x80008000       0x98 src/imageProcess.o
                0x80008028                yFilter
                0x8000804c                xFilter
                0x80008070                gaussianSize
                0x80008074                gFilter
 .rodata        0x80008098       0x14 c:/hightec/toolchains/tricore/v4.9.1.0-infineon-1.1/bin/../lib/gcc/tricore/4.9.4/tc161/short-double\libgcc.a(_thenan_df.o)
                0x80008098                __thenan_df
 .rodata        0x800080ac       0x20 c:/hightec/toolchains/tricore/v4.9.1.0-infineon-1.1/bin/../lib/gcc/tricore/4.9.4/../../../../tricore/lib/tc161/short-double\libm.a(lib_a-sf_atan.o)
 .rodata        0x800080cc      0x398 c:/hightec/toolchains/tricore/v4.9.1.0-infineon-1.1/bin/../lib/gcc/tricore/4.9.4/../../../../tricore/lib/tc161/short-double\libm.a(lib_a-ef_rem_pio2.o)
 .rodata        0x80008464       0x38 c:/hightec/toolchains/tricore/v4.9.1.0-infineon-1.1/bin/../lib/gcc/tricore/4.9.4/../../../../tricore/lib/tc161/short-double\libm.a(lib_a-kf_rem_pio2.o)
 *(.rodata*)
 *(.gnu.linkonce.r.*)
 *(.jcr.*)
                0x8000849c                PROVIDE (__rodata_end, .)
                0x800084a0                . = ALIGN (0x8)
 *fill*         0x8000849c        0x4 00

.data           memory region -> DMI_DSPR
                0xd0000000       0x18 load address 0x800084a0
                0xd0000000                PROVIDE (__data_start, .)
 *(.data)
 .data          0xd0000000       0x18 src/PID.o
                0xd0000000                Kd
                0xd0000008                Ki
                0xd0000010                Kp
 *(.data*)
 *(.gnu.linkonce.d.*)
                0xd0000018                PROVIDE (__data_end, .)
                0xd0000018                . = ALIGN (0x8)

.jcr            memory region -> PMI_PSPR
                0xc0000000        0x0
 .jcr           0xc0000000        0x0 c:/hightec/toolchains/tricore/v4.9.1.0-infineon-1.1/bin/../lib/gcc/tricore/4.9.4/tc161/short-double/crtbegin.o

.tm_clone_table memory region -> PMI_PSPR
                0xc0000000        0x0
 .tm_clone_table
                0xc0000000        0x0 c:/hightec/toolchains/tricore/v4.9.1.0-infineon-1.1/bin/../lib/gcc/tricore/4.9.4/tc161/short-double/crtbegin.o
 .tm_clone_table
                0xc0000000        0x0 c:/hightec/toolchains/tricore/v4.9.1.0-infineon-1.1/bin/../lib/gcc/tricore/4.9.4/tc161/short-double/crtend.o

.bss            memory region -> DMI_DSPR
                0xd0000018     0x64f0 load address 0x800084b8
                0xd0000018                PROVIDE (__bss_start, .)
 *(.bss)
 .bss           0xd0000018        0x8 c:/hightec/toolchains/tricore/v4.9.1.0-infineon-1.1/bin/../lib/gcc/tricore/4.9.4/tc161/short-double/crtbegin.o
 .bss           0xd0000020       0xb0 src/DMS.o
                0xd0000020                count_DMS
                0xd0000024                DMS_LEFT
                0xd0000028                DMS_RIGHT
                0xd000002c                DMS_TOP
                0xd0000030                DMS_BOTTOM
                0xd0000034                empty
                0xd0000038                b
                0xd000003c                a
                0xd0000040                DMS_input_left
                0xd0000064                DMS_input_right
                0xd0000088                DMS_input_top
                0xd00000ac                DMS_input_bottom
 .bss           0xd00000d0       0x18 src/Hll.o
                0xd00000d0                Hill_cnt2
                0xd00000d4                Hill_cnt1
                0xd00000d8                hill_check
                0xd00000dc                Hill_position
                0xd00000e0                Hill_state
 .bss           0xd00000e8       0x28 src/PID.o
                0xd00000e8                Motor_val
                0xd00000f0                derivative
                0xd00000f8                error
                0xd0000100                integral
                0xd0000108                Before_error
 .bss           0xd0000110       0x10 src/Schedular.o
 .bss           0xd0000120       0x10 src/SchoolZone.o
                0xd0000120                line_state
                0xd0000124                schoolzone_position
                0xd0000128                schoolzone_state
 .bss           0xd0000130     0x4eb0 src/cameraController.o
                0xd0000130                school_cnt_out2
                0xd0000134                whiteline_check
                0xd0000138                school_cnt_out
                0xd000013c                school_cnt_in
                0xd0000140                camera2D
                0xd0004af0                camera
 .bss           0xd0004fe0       0x10 src/driveController.o
                0xd0004fe0                line_left
                0xd0004fe4                line_right
                0xd0004fe8                Right
                0xd0004fec                Left
 .bss           0xd0004ff0      0xc48 src/main.o
                0xd0004ff0                driveQ
                0xd0004ff4                lcdImage
 .bss           0xd0005c38       0x10 src/rpm_RC.o
                0xd0005c38                Car_angle
                0xd0005c3c                Car_cnt
                0xd0005c40                Car_rpm
 .bss           0xd0005c48        0x8 src/systemController.o
                0xd0005c48                DMS_cnt
                0xd0005c4c                Front_cnt
 .bss           0xd0005c50       0x90 src/vehicleController.o
                0xd0005c50                vehicle
 .bss           0xd0005ce0      0x828 c:/hightec/toolchains/tricore/v4.9.1.0-infineon-1.1/bin/../lib/gcc/tricore/4.9.4/../../../../tricore/lib/tc161/short-double\libos.a(cint.o)
                0xd0005ce0                Cdisptab
                0xd00064e0                Tdisptab
 *(.bss*)
 *(.gnu.linkonce.b.*)
                0xd0006508                PROVIDE (__bss_end, .)
                0xd0006508                . = ALIGN (0x8)

.pcptext        memory region -> PMU_PFLASH0
                0x800084b8        0x0
                0x800084b8                PROVIDE (__pcptext_start, .)
                0x800084b8                PROVIDE (__pcptext_end, .)
                0x800084b8                . = ALIGN (0x8)

.pcpdata        memory region -> PMU_PFLASH0
                0x800084b8        0x0
                0x800084b8                PROVIDE (__pcpdata_start, .)
                0x800084b8                PROVIDE (__pcpdata_end, .)
                0x800084b8                . = ALIGN (0x8)

.ctors          memory region -> PMU_PFLASH0
                0x800084b8       0x18
                0x800084b8                __CTOR_LIST__ = .
                0x800084b8        0x4 LONG 0x3 (((__CTOR_END__ - __CTOR_LIST__) / 0x4) - 0x2)
 *crtbegin.o(.ctors)
 .ctors         0x800084bc        0x4 c:/hightec/toolchains/tricore/v4.9.1.0-infineon-1.1/bin/../lib/gcc/tricore/4.9.4/tc161/short-double/crtbegin.o
 *(EXCLUDE_FILE(*crtend.o) .ctors)
 .ctors         0x800084c0        0x4 c:/hightec/toolchains/tricore/v4.9.1.0-infineon-1.1/bin/../lib/gcc/tricore/4.9.4/../../../../tricore/lib/tc161/short-double\libos.a(cint.o)
 *(SORT(.ctors.*))
 *(.ctors)
 .ctors         0x800084c4        0x4 c:/hightec/toolchains/tricore/v4.9.1.0-infineon-1.1/bin/../lib/gcc/tricore/4.9.4/tc161/short-double/crtend.o
                0x800084c8        0x4 LONG 0x0
                0x800084cc                __CTOR_END__ = .
                0x800084d0                . = ALIGN (0x8)
 *fill*         0x800084cc        0x4 00

.dtors          memory region -> PMU_PFLASH0
                0x800084d0       0x10
                0x800084d0                __DTOR_LIST__ = .
                0x800084d0        0x4 LONG 0x2 (((__DTOR_END__ - __DTOR_LIST__) / 0x4) - 0x2)
 *crtbegin.o(.dtors)
 .dtors         0x800084d4        0x4 c:/hightec/toolchains/tricore/v4.9.1.0-infineon-1.1/bin/../lib/gcc/tricore/4.9.4/tc161/short-double/crtbegin.o
 *(EXCLUDE_FILE(*crtend.o) .dtors)
 *(SORT(.dtors.*))
 *(.dtors)
 .dtors         0x800084d8        0x4 c:/hightec/toolchains/tricore/v4.9.1.0-infineon-1.1/bin/../lib/gcc/tricore/4.9.4/tc161/short-double/crtend.o
                0x800084dc        0x4 LONG 0x0
                0x800084e0                __DTOR_END__ = .
                0x800084e0                . = ALIGN (0x8)

.clear_sec      memory region -> PMU_PFLASH0
                0x800084e0       0x28
                0x800084e0                . = ALIGN (0x8)
                0x800084e0                PROVIDE (__clear_table, .)
                0x800084e0        0x4 LONG 0xd0000018 (0x0 + ADDR (.bss))
                0x800084e4        0x4 LONG 0x64f0 SIZEOF (.bss)
                0x800084e8        0x4 LONG 0xd0000000 (0x0 + ADDR (.sbss))
                0x800084ec        0x4 LONG 0x0 SIZEOF (.sbss)
                0x800084f0        0x4 LONG 0xd0000000 (0x0 + ADDR (.zbss))
                0x800084f4        0x4 LONG 0x0 SIZEOF (.zbss)
                0x800084f8        0x4 LONG 0xd0000000 (0x0 + ADDR (.bbss))
                0x800084fc        0x4 LONG 0x0 SIZEOF (.bbss)
                0x80008500        0x4 LONG 0xffffffff
                0x80008504        0x4 LONG 0xffffffff

.copy_sec       memory region -> PMU_PFLASH0
                0x80008508       0x3c
                0x80008508                . = ALIGN (0x8)
                0x80008508                PROVIDE (__copy_table, .)
                0x80008508        0x4 LONG 0x800084a0 LOADADDR (.data)
                0x8000850c        0x4 LONG 0xd0000000 (0x0 + ADDR (.data))
                0x80008510        0x4 LONG 0x18 SIZEOF (.data)
                0x80008514        0x4 LONG 0x80008000 LOADADDR (.sdata)
                0x80008518        0x4 LONG 0xd0000000 (0x0 + ADDR (.sdata))
                0x8000851c        0x4 LONG 0x0 SIZEOF (.sdata)
                0x80008520        0x4 LONG 0x80008000 LOADADDR (.zdata)
                0x80008524        0x4 LONG 0xd0000000 (0x0 + ADDR (.zdata))
                0x80008528        0x4 LONG 0x0 SIZEOF (.zdata)
                0x8000852c        0x4 LONG 0x80008000 LOADADDR (.bdata)
                0x80008530        0x4 LONG 0xd0000000 (0x0 + ADDR (.bdata))
                0x80008534        0x4 LONG 0x0 SIZEOF (.bdata)
                0x80008538        0x4 LONG 0xffffffff
                0x8000853c        0x4 LONG 0xffffffff
                0x80008540        0x4 LONG 0xffffffff

.ustack         memory region -> DMI_DSPR
                0xd0006508     0x1000
                0xd0006508                . = ALIGN (0x8)
                0xd0006508                __USTACK_BEGIN = .
                0xd0007508                . = (. + __USTACK_SIZE)
 *fill*         0xd0006508     0x1000 00
                0xd0007508                . = ALIGN (0x8)
                0xd0007508                __USTACK = .
                0xd0007508                __USTACK_END = .

.istack         memory region -> DMI_DSPR
                0xd0007508      0x400
                0xd0007508                . = ALIGN (0x8)
                0xd0007508                __ISTACK_BEGIN = .
                0xd0007908                . = (. + __ISTACK_SIZE)
 *fill*         0xd0007508      0x400 00
                0xd0007908                . = ALIGN (0x8)
                0xd0007908                __ISTACK = .
                0xd0007908                __ISTACK_END = .

.heap           memory region -> DMI_DSPR
                0xd0007908     0x1000
                0xd0007908                . = ALIGN (0x8)
                0xd0007908                __HEAP_BEGIN = .
                0xd0007908                __HEAP = .
                0xd0008908                . = (. + __HEAP_SIZE)
 *fill*         0xd0007908     0x1000 00
                0xd0008908                . = ALIGN (0x8)
                0xd0008908                __HEAP_END = .

.csa            memory region -> DMI_DSPR
                0xd0008908     0x4038
                0xd0008940                . = ALIGN (0x40)
 *fill*         0xd0008908       0x38 00
                0xd0008940                __CSA_BEGIN = .
                0xd0008940                __CSA = .
                0xd000c940                . = (. + __CSA_SIZE)
 *fill*         0xd0008940     0x4000 00
                0xd000c940                . = ALIGN (0x40)
                0xd000c940                __CSA_END = .
OUTPUT(teamHMD_2017.elf elf32-tricore)

.version_info   memory region -> *default*
                0x00000000    0x40089
 .version_info  0x00000000     0x196b c:/hightec/toolchains/tricore/v4.9.1.0-infineon-1.1/bin/../lib/gcc/tricore/4.9.4/tc161/short-double/crtbegin.o
 .version_info  0x0000196b      0xcf3 src/DMS.o
 .version_info  0x0000265e      0xcf3 src/Hll.o
 .version_info  0x00003351      0xcf3 src/PID.o
 .version_info  0x00004044      0xd29 src/Schedular.o
 .version_info  0x00004d6d      0xd32 src/SchoolZone.o
 .version_info  0x00005a9f      0xcf3 src/adc.o
 .version_info  0x00006792      0xd68 src/cameraController.o
 .version_info  0x000074fa      0xd5f src/driveController.o
 .version_info  0x00008259      0xd17 src/encoder.o
 .version_info  0x00008f70      0xd3b src/encoder_set.o
 .version_info  0x00009cab      0xd44 src/imageProcess.o
 .version_info  0x0000a9ef      0xd32 src/interrupts.o
 .version_info  0x0000b721      0xcfc src/main.o
 .version_info  0x0000c41d      0xd20 src/queueADT.o
 .version_info  0x0000d13d      0xd0e src/rpm_RC.o
 .version_info  0x0000de4b      0xd68 src/systemController.o
 .version_info  0x0000ebb3      0xd68 src/timerInputModule.o
 .version_info  0x0000f91b      0xd71 src/timerOutputModule.o
 .version_info  0x0001068c      0xd71 src/vehicleController.o
 .version_info  0x000113fd     0x1971 c:/hightec/toolchains/tricore/v4.9.1.0-infineon-1.1/bin/../lib/gcc/tricore/4.9.4/tc161/short-double\libgcc.a(_fixunsdfsi.o)
 .version_info  0x00012d6e     0x1999 c:/hightec/toolchains/tricore/v4.9.1.0-infineon-1.1/bin/../lib/gcc/tricore/4.9.4/tc161/short-double\libgcc.a(_addsub_df.o)
 .version_info  0x00014707     0x197e c:/hightec/toolchains/tricore/v4.9.1.0-infineon-1.1/bin/../lib/gcc/tricore/4.9.4/tc161/short-double\libgcc.a(_mul_df.o)
 .version_info  0x00016085     0x197e c:/hightec/toolchains/tricore/v4.9.1.0-infineon-1.1/bin/../lib/gcc/tricore/4.9.4/tc161/short-double\libgcc.a(_div_df.o)
 .version_info  0x00017a03     0x1975 c:/hightec/toolchains/tricore/v4.9.1.0-infineon-1.1/bin/../lib/gcc/tricore/4.9.4/tc161/short-double\libgcc.a(_ge_df.o)
 .version_info  0x00019378     0x1975 c:/hightec/toolchains/tricore/v4.9.1.0-infineon-1.1/bin/../lib/gcc/tricore/4.9.4/tc161/short-double\libgcc.a(_lt_df.o)
 .version_info  0x0001aced     0x1990 c:/hightec/toolchains/tricore/v4.9.1.0-infineon-1.1/bin/../lib/gcc/tricore/4.9.4/tc161/short-double\libgcc.a(_si_to_df.o)
 .version_info  0x0001c67d     0x1990 c:/hightec/toolchains/tricore/v4.9.1.0-infineon-1.1/bin/../lib/gcc/tricore/4.9.4/tc161/short-double\libgcc.a(_df_to_si.o)
 .version_info  0x0001e00d     0x1999 c:/hightec/toolchains/tricore/v4.9.1.0-infineon-1.1/bin/../lib/gcc/tricore/4.9.4/tc161/short-double\libgcc.a(_thenan_df.o)
 .version_info  0x0001f9a6     0x1987 c:/hightec/toolchains/tricore/v4.9.1.0-infineon-1.1/bin/../lib/gcc/tricore/4.9.4/tc161/short-double\libgcc.a(_pack_df.o)
 .version_info  0x0002132d     0x1999 c:/hightec/toolchains/tricore/v4.9.1.0-infineon-1.1/bin/../lib/gcc/tricore/4.9.4/tc161/short-double\libgcc.a(_unpack_df.o)
 .version_info  0x00022cc6     0x19c6 c:/hightec/toolchains/tricore/v4.9.1.0-infineon-1.1/bin/../lib/gcc/tricore/4.9.4/tc161/short-double\libgcc.a(_fpcmp_parts_df.o)
 .version_info  0x0002468c     0x1364 c:/hightec/toolchains/tricore/v4.9.1.0-infineon-1.1/bin/../lib/gcc/tricore/4.9.4/../../../../tricore/lib/tc161/short-double\libos.a(cint.o)
 .version_info  0x000259f0     0x133b c:/hightec/toolchains/tricore/v4.9.1.0-infineon-1.1/bin/../lib/gcc/tricore/4.9.4/../../../../tricore/lib/tc161/short-double\libos.a(ctraptab.o)
 .version_info  0x00026d2b     0x1337 c:/hightec/toolchains/tricore/v4.9.1.0-infineon-1.1/bin/../lib/gcc/tricore/4.9.4/../../../../tricore/lib/tc161/short-double\libos.a(cinttab.o)
 .version_info  0x00028062     0x136c c:/hightec/toolchains/tricore/v4.9.1.0-infineon-1.1/bin/../lib/gcc/tricore/4.9.4/../../../../tricore/lib/tc161/short-double\libos.a(wdtcon.o)
 .version_info  0x000293ce     0x137c c:/hightec/toolchains/tricore/v4.9.1.0-infineon-1.1/bin/../lib/gcc/tricore/4.9.4/../../../../tricore/lib/tc161/short-double\libos.a(libos_exit.o)
 .version_info  0x0002a74a     0x1364 c:/hightec/toolchains/tricore/v4.9.1.0-infineon-1.1/bin/../lib/gcc/tricore/4.9.4/../../../../tricore/lib/tc161/short-double\libos.a(int1.o)
 .version_info  0x0002baae     0x1368 c:/hightec/toolchains/tricore/v4.9.1.0-infineon-1.1/bin/../lib/gcc/tricore/4.9.4/../../../../tricore/lib/tc161/short-double\libos.a(trap6.o)
 .version_info  0x0002ce16     0x177d c:/hightec/toolchains/tricore/v4.9.1.0-infineon-1.1/bin/../lib/gcc/tricore/4.9.4/../../../../tricore/lib/tc161/short-double\libm.a(lib_a-sf_atan.o)
 .version_info  0x0002e593     0x177d c:/hightec/toolchains/tricore/v4.9.1.0-infineon-1.1/bin/../lib/gcc/tricore/4.9.4/../../../../tricore/lib/tc161/short-double\libm.a(lib_a-sf_fabs.o)
 .version_info  0x0002fd10     0x1785 c:/hightec/toolchains/tricore/v4.9.1.0-infineon-1.1/bin/../lib/gcc/tricore/4.9.4/../../../../tricore/lib/tc161/short-double\libm.a(lib_a-wf_sincos.o)
 .version_info  0x00031495     0x1779 c:/hightec/toolchains/tricore/v4.9.1.0-infineon-1.1/bin/../lib/gcc/tricore/4.9.4/../../../../tricore/lib/tc161/short-double\libm.a(lib_a-sf_cos.o)
 .version_info  0x00032c0e     0x1779 c:/hightec/toolchains/tricore/v4.9.1.0-infineon-1.1/bin/../lib/gcc/tricore/4.9.4/../../../../tricore/lib/tc161/short-double\libm.a(lib_a-sf_sin.o)
 .version_info  0x00034387     0x178d c:/hightec/toolchains/tricore/v4.9.1.0-infineon-1.1/bin/../lib/gcc/tricore/4.9.4/../../../../tricore/lib/tc161/short-double\libm.a(lib_a-ef_rem_pio2.o)
 .version_info  0x00035b14     0x1779 c:/hightec/toolchains/tricore/v4.9.1.0-infineon-1.1/bin/../lib/gcc/tricore/4.9.4/../../../../tricore/lib/tc161/short-double\libm.a(lib_a-kf_cos.o)
 .version_info  0x0003728d     0x178d c:/hightec/toolchains/tricore/v4.9.1.0-infineon-1.1/bin/../lib/gcc/tricore/4.9.4/../../../../tricore/lib/tc161/short-double\libm.a(lib_a-kf_rem_pio2.o)
 .version_info  0x00038a1a     0x1779 c:/hightec/toolchains/tricore/v4.9.1.0-infineon-1.1/bin/../lib/gcc/tricore/4.9.4/../../../../tricore/lib/tc161/short-double\libm.a(lib_a-kf_sin.o)
 .version_info  0x0003a193     0x1781 c:/hightec/toolchains/tricore/v4.9.1.0-infineon-1.1/bin/../lib/gcc/tricore/4.9.4/../../../../tricore/lib/tc161/short-double\libm.a(lib_a-sf_floor.o)
 .version_info  0x0003b914     0x170a c:/hightec/toolchains/tricore/v4.9.1.0-infineon-1.1/bin/../lib/gcc/tricore/4.9.4/../../../../tricore/lib/tc161/short-double\libm.a(lib_a-sf_scalbn.o)
 .version_info  0x0003d01e     0x1712 c:/hightec/toolchains/tricore/v4.9.1.0-infineon-1.1/bin/../lib/gcc/tricore/4.9.4/../../../../tricore/lib/tc161/short-double\libm.a(lib_a-sf_copysign.o)
 .version_info  0x0003e730     0x1959 c:/hightec/toolchains/tricore/v4.9.1.0-infineon-1.1/bin/../lib/gcc/tricore/4.9.4/tc161/short-double/crtend.o

.comment        memory region -> *default*
                0x00000000       0x53
 .comment       0x00000000       0x53 c:/hightec/toolchains/tricore/v4.9.1.0-infineon-1.1/bin/../lib/gcc/tricore/4.9.4/tc161/short-double/crtbegin.o
                                 0x54 (size before relaxing)
 .comment       0x00000000       0x54 src/DMS.o
 .comment       0x00000000       0x54 src/Hll.o
 .comment       0x00000000       0x54 src/PID.o
 .comment       0x00000000       0x54 src/Schedular.o
 .comment       0x00000000       0x54 src/SchoolZone.o
 .comment       0x00000000       0x54 src/adc.o
 .comment       0x00000000       0x54 src/cameraController.o
 .comment       0x00000000       0x54 src/driveController.o
 .comment       0x00000000       0x54 src/encoder.o
 .comment       0x00000000       0x54 src/encoder_set.o
 .comment       0x00000000       0x54 src/imageProcess.o
 .comment       0x00000000       0x54 src/interrupts.o
 .comment       0x00000000       0x54 src/main.o
 .comment       0x00000000       0x54 src/queueADT.o
 .comment       0x00000000       0x54 src/rpm_RC.o
 .comment       0x00000000       0x54 src/systemController.o
 .comment       0x00000000       0x54 src/timerInputModule.o
 .comment       0x00000000       0x54 src/timerOutputModule.o
 .comment       0x00000000       0x54 src/vehicleController.o
 .comment       0x00000000       0x54 c:/hightec/toolchains/tricore/v4.9.1.0-infineon-1.1/bin/../lib/gcc/tricore/4.9.4/tc161/short-double\libgcc.a(_fixunsdfsi.o)
 .comment       0x00000000       0x54 c:/hightec/toolchains/tricore/v4.9.1.0-infineon-1.1/bin/../lib/gcc/tricore/4.9.4/tc161/short-double\libgcc.a(_addsub_df.o)
 .comment       0x00000000       0x54 c:/hightec/toolchains/tricore/v4.9.1.0-infineon-1.1/bin/../lib/gcc/tricore/4.9.4/tc161/short-double\libgcc.a(_mul_df.o)
 .comment       0x00000000       0x54 c:/hightec/toolchains/tricore/v4.9.1.0-infineon-1.1/bin/../lib/gcc/tricore/4.9.4/tc161/short-double\libgcc.a(_div_df.o)
 .comment       0x00000000       0x54 c:/hightec/toolchains/tricore/v4.9.1.0-infineon-1.1/bin/../lib/gcc/tricore/4.9.4/tc161/short-double\libgcc.a(_ge_df.o)
 .comment       0x00000000       0x54 c:/hightec/toolchains/tricore/v4.9.1.0-infineon-1.1/bin/../lib/gcc/tricore/4.9.4/tc161/short-double\libgcc.a(_lt_df.o)
 .comment       0x00000000       0x54 c:/hightec/toolchains/tricore/v4.9.1.0-infineon-1.1/bin/../lib/gcc/tricore/4.9.4/tc161/short-double\libgcc.a(_si_to_df.o)
 .comment       0x00000000       0x54 c:/hightec/toolchains/tricore/v4.9.1.0-infineon-1.1/bin/../lib/gcc/tricore/4.9.4/tc161/short-double\libgcc.a(_df_to_si.o)
 .comment       0x00000000       0x54 c:/hightec/toolchains/tricore/v4.9.1.0-infineon-1.1/bin/../lib/gcc/tricore/4.9.4/tc161/short-double\libgcc.a(_thenan_df.o)
 .comment       0x00000000       0x54 c:/hightec/toolchains/tricore/v4.9.1.0-infineon-1.1/bin/../lib/gcc/tricore/4.9.4/tc161/short-double\libgcc.a(_pack_df.o)
 .comment       0x00000000       0x54 c:/hightec/toolchains/tricore/v4.9.1.0-infineon-1.1/bin/../lib/gcc/tricore/4.9.4/tc161/short-double\libgcc.a(_unpack_df.o)
 .comment       0x00000000       0x54 c:/hightec/toolchains/tricore/v4.9.1.0-infineon-1.1/bin/../lib/gcc/tricore/4.9.4/tc161/short-double\libgcc.a(_fpcmp_parts_df.o)
 .comment       0x00000000       0x54 c:/hightec/toolchains/tricore/v4.9.1.0-infineon-1.1/bin/../lib/gcc/tricore/4.9.4/../../../../tricore/lib/tc161/short-double\libos.a(cint.o)
 .comment       0x00000000       0x54 c:/hightec/toolchains/tricore/v4.9.1.0-infineon-1.1/bin/../lib/gcc/tricore/4.9.4/../../../../tricore/lib/tc161/short-double\libos.a(ctraptab.o)
 .comment       0x00000000       0x54 c:/hightec/toolchains/tricore/v4.9.1.0-infineon-1.1/bin/../lib/gcc/tricore/4.9.4/../../../../tricore/lib/tc161/short-double\libos.a(cinttab.o)
 .comment       0x00000000       0x54 c:/hightec/toolchains/tricore/v4.9.1.0-infineon-1.1/bin/../lib/gcc/tricore/4.9.4/../../../../tricore/lib/tc161/short-double\libos.a(wdtcon.o)
 .comment       0x00000000       0x54 c:/hightec/toolchains/tricore/v4.9.1.0-infineon-1.1/bin/../lib/gcc/tricore/4.9.4/../../../../tricore/lib/tc161/short-double\libos.a(libos_exit.o)
 .comment       0x00000000       0x54 c:/hightec/toolchains/tricore/v4.9.1.0-infineon-1.1/bin/../lib/gcc/tricore/4.9.4/../../../../tricore/lib/tc161/short-double\libos.a(int1.o)
 .comment       0x00000000       0x54 c:/hightec/toolchains/tricore/v4.9.1.0-infineon-1.1/bin/../lib/gcc/tricore/4.9.4/../../../../tricore/lib/tc161/short-double\libos.a(trap6.o)
 .comment       0x00000000       0x54 c:/hightec/toolchains/tricore/v4.9.1.0-infineon-1.1/bin/../lib/gcc/tricore/4.9.4/../../../../tricore/lib/tc161/short-double\libm.a(lib_a-sf_atan.o)
 .comment       0x00000000       0x54 c:/hightec/toolchains/tricore/v4.9.1.0-infineon-1.1/bin/../lib/gcc/tricore/4.9.4/../../../../tricore/lib/tc161/short-double\libm.a(lib_a-sf_fabs.o)
 .comment       0x00000000       0x54 c:/hightec/toolchains/tricore/v4.9.1.0-infineon-1.1/bin/../lib/gcc/tricore/4.9.4/../../../../tricore/lib/tc161/short-double\libm.a(lib_a-wf_sincos.o)
 .comment       0x00000000       0x54 c:/hightec/toolchains/tricore/v4.9.1.0-infineon-1.1/bin/../lib/gcc/tricore/4.9.4/../../../../tricore/lib/tc161/short-double\libm.a(lib_a-sf_cos.o)
 .comment       0x00000000       0x54 c:/hightec/toolchains/tricore/v4.9.1.0-infineon-1.1/bin/../lib/gcc/tricore/4.9.4/../../../../tricore/lib/tc161/short-double\libm.a(lib_a-sf_sin.o)
 .comment       0x00000000       0x54 c:/hightec/toolchains/tricore/v4.9.1.0-infineon-1.1/bin/../lib/gcc/tricore/4.9.4/../../../../tricore/lib/tc161/short-double\libm.a(lib_a-ef_rem_pio2.o)
 .comment       0x00000000       0x54 c:/hightec/toolchains/tricore/v4.9.1.0-infineon-1.1/bin/../lib/gcc/tricore/4.9.4/../../../../tricore/lib/tc161/short-double\libm.a(lib_a-kf_cos.o)
 .comment       0x00000000       0x54 c:/hightec/toolchains/tricore/v4.9.1.0-infineon-1.1/bin/../lib/gcc/tricore/4.9.4/../../../../tricore/lib/tc161/short-double\libm.a(lib_a-kf_rem_pio2.o)
 .comment       0x00000000       0x54 c:/hightec/toolchains/tricore/v4.9.1.0-infineon-1.1/bin/../lib/gcc/tricore/4.9.4/../../../../tricore/lib/tc161/short-double\libm.a(lib_a-kf_sin.o)
 .comment       0x00000000       0x54 c:/hightec/toolchains/tricore/v4.9.1.0-infineon-1.1/bin/../lib/gcc/tricore/4.9.4/../../../../tricore/lib/tc161/short-double\libm.a(lib_a-sf_floor.o)
 .comment       0x00000000       0x54 c:/hightec/toolchains/tricore/v4.9.1.0-infineon-1.1/bin/../lib/gcc/tricore/4.9.4/../../../../tricore/lib/tc161/short-double\libm.a(lib_a-sf_scalbn.o)
 .comment       0x00000000       0x54 c:/hightec/toolchains/tricore/v4.9.1.0-infineon-1.1/bin/../lib/gcc/tricore/4.9.4/../../../../tricore/lib/tc161/short-double\libm.a(lib_a-sf_copysign.o)
 .comment       0x00000000       0x54 c:/hightec/toolchains/tricore/v4.9.1.0-infineon-1.1/bin/../lib/gcc/tricore/4.9.4/tc161/short-double/crtend.o

.debug_frame    memory region -> *default*
                0x00000000      0xb98
 .debug_frame   0x00000000       0x70 src/DMS.o
 .debug_frame   0x00000070       0x20 src/Hll.o
 .debug_frame   0x00000090       0x20 src/PID.o
 .debug_frame   0x000000b0       0xd0 src/Schedular.o
 .debug_frame   0x00000180       0x50 src/SchoolZone.o
 .debug_frame   0x000001d0       0x20 src/adc.o
 .debug_frame   0x000001f0       0xc0 src/cameraController.o
 .debug_frame   0x000002b0       0x80 src/driveController.o
 .debug_frame   0x00000330       0x20 src/encoder.o
 .debug_frame   0x00000350       0x20 src/encoder_set.o
 .debug_frame   0x00000370      0x120 src/imageProcess.o
 .debug_frame   0x00000490       0x30 src/interrupts.o
 .debug_frame   0x000004c0       0x28 src/main.o
 .debug_frame   0x000004e8       0x60 src/queueADT.o
 .debug_frame   0x00000548       0x20 src/rpm_RC.o
 .debug_frame   0x00000568       0x70 src/systemController.o
 .debug_frame   0x000005d8       0x20 src/timerInputModule.o
 .debug_frame   0x000005f8       0x20 src/timerOutputModule.o
 .debug_frame   0x00000618       0x50 src/vehicleController.o
 .debug_frame   0x00000668       0x20 c:/hightec/toolchains/tricore/v4.9.1.0-infineon-1.1/bin/../lib/gcc/tricore/4.9.4/tc161/short-double\libgcc.a(_fixunsdfsi.o)
 .debug_frame   0x00000688       0x50 c:/hightec/toolchains/tricore/v4.9.1.0-infineon-1.1/bin/../lib/gcc/tricore/4.9.4/tc161/short-double\libgcc.a(_addsub_df.o)
 .debug_frame   0x000006d8       0x28 c:/hightec/toolchains/tricore/v4.9.1.0-infineon-1.1/bin/../lib/gcc/tricore/4.9.4/tc161/short-double\libgcc.a(_mul_df.o)
 .debug_frame   0x00000700       0x28 c:/hightec/toolchains/tricore/v4.9.1.0-infineon-1.1/bin/../lib/gcc/tricore/4.9.4/tc161/short-double\libgcc.a(_div_df.o)
 .debug_frame   0x00000728       0x28 c:/hightec/toolchains/tricore/v4.9.1.0-infineon-1.1/bin/../lib/gcc/tricore/4.9.4/tc161/short-double\libgcc.a(_ge_df.o)
 .debug_frame   0x00000750       0x28 c:/hightec/toolchains/tricore/v4.9.1.0-infineon-1.1/bin/../lib/gcc/tricore/4.9.4/tc161/short-double\libgcc.a(_lt_df.o)
 .debug_frame   0x00000778       0x28 c:/hightec/toolchains/tricore/v4.9.1.0-infineon-1.1/bin/../lib/gcc/tricore/4.9.4/tc161/short-double\libgcc.a(_si_to_df.o)
 .debug_frame   0x000007a0       0x28 c:/hightec/toolchains/tricore/v4.9.1.0-infineon-1.1/bin/../lib/gcc/tricore/4.9.4/tc161/short-double\libgcc.a(_df_to_si.o)
 .debug_frame   0x000007c8       0x20 c:/hightec/toolchains/tricore/v4.9.1.0-infineon-1.1/bin/../lib/gcc/tricore/4.9.4/tc161/short-double\libgcc.a(_pack_df.o)
 .debug_frame   0x000007e8       0x20 c:/hightec/toolchains/tricore/v4.9.1.0-infineon-1.1/bin/../lib/gcc/tricore/4.9.4/tc161/short-double\libgcc.a(_unpack_df.o)
 .debug_frame   0x00000808       0x20 c:/hightec/toolchains/tricore/v4.9.1.0-infineon-1.1/bin/../lib/gcc/tricore/4.9.4/tc161/short-double\libgcc.a(_fpcmp_parts_df.o)
 .debug_frame   0x00000828       0xe0 c:/hightec/toolchains/tricore/v4.9.1.0-infineon-1.1/bin/../lib/gcc/tricore/4.9.4/../../../../tricore/lib/tc161/short-double\libos.a(cint.o)
 .debug_frame   0x00000908       0x50 c:/hightec/toolchains/tricore/v4.9.1.0-infineon-1.1/bin/../lib/gcc/tricore/4.9.4/../../../../tricore/lib/tc161/short-double\libos.a(wdtcon.o)
 .debug_frame   0x00000958       0x20 c:/hightec/toolchains/tricore/v4.9.1.0-infineon-1.1/bin/../lib/gcc/tricore/4.9.4/../../../../tricore/lib/tc161/short-double\libos.a(libos_exit.o)
 .debug_frame   0x00000978       0x30 c:/hightec/toolchains/tricore/v4.9.1.0-infineon-1.1/bin/../lib/gcc/tricore/4.9.4/../../../../tricore/lib/tc161/short-double\libm.a(lib_a-sf_atan.o)
 .debug_frame   0x000009a8       0x30 c:/hightec/toolchains/tricore/v4.9.1.0-infineon-1.1/bin/../lib/gcc/tricore/4.9.4/../../../../tricore/lib/tc161/short-double\libm.a(lib_a-sf_fabs.o)
 .debug_frame   0x000009d8       0x30 c:/hightec/toolchains/tricore/v4.9.1.0-infineon-1.1/bin/../lib/gcc/tricore/4.9.4/../../../../tricore/lib/tc161/short-double\libm.a(lib_a-wf_sincos.o)
 .debug_frame   0x00000a08       0x38 c:/hightec/toolchains/tricore/v4.9.1.0-infineon-1.1/bin/../lib/gcc/tricore/4.9.4/../../../../tricore/lib/tc161/short-double\libm.a(lib_a-sf_cos.o)
 .debug_frame   0x00000a40       0x38 c:/hightec/toolchains/tricore/v4.9.1.0-infineon-1.1/bin/../lib/gcc/tricore/4.9.4/../../../../tricore/lib/tc161/short-double\libm.a(lib_a-sf_sin.o)
 .debug_frame   0x00000a78       0x28 c:/hightec/toolchains/tricore/v4.9.1.0-infineon-1.1/bin/../lib/gcc/tricore/4.9.4/../../../../tricore/lib/tc161/short-double\libm.a(lib_a-ef_rem_pio2.o)
 .debug_frame   0x00000aa0       0x20 c:/hightec/toolchains/tricore/v4.9.1.0-infineon-1.1/bin/../lib/gcc/tricore/4.9.4/../../../../tricore/lib/tc161/short-double\libm.a(lib_a-kf_cos.o)
 .debug_frame   0x00000ac0       0x28 c:/hightec/toolchains/tricore/v4.9.1.0-infineon-1.1/bin/../lib/gcc/tricore/4.9.4/../../../../tricore/lib/tc161/short-double\libm.a(lib_a-kf_rem_pio2.o)
 .debug_frame   0x00000ae8       0x20 c:/hightec/toolchains/tricore/v4.9.1.0-infineon-1.1/bin/../lib/gcc/tricore/4.9.4/../../../../tricore/lib/tc161/short-double\libm.a(lib_a-kf_sin.o)
 .debug_frame   0x00000b08       0x30 c:/hightec/toolchains/tricore/v4.9.1.0-infineon-1.1/bin/../lib/gcc/tricore/4.9.4/../../../../tricore/lib/tc161/short-double\libm.a(lib_a-sf_floor.o)
 .debug_frame   0x00000b38       0x30 c:/hightec/toolchains/tricore/v4.9.1.0-infineon-1.1/bin/../lib/gcc/tricore/4.9.4/../../../../tricore/lib/tc161/short-double\libm.a(lib_a-sf_scalbn.o)
 .debug_frame   0x00000b68       0x30 c:/hightec/toolchains/tricore/v4.9.1.0-infineon-1.1/bin/../lib/gcc/tricore/4.9.4/../../../../tricore/lib/tc161/short-double\libm.a(lib_a-sf_copysign.o)

.debug_info     memory region -> *default*
                0x00000000    0x150db
 .debug_info    0x00000000      0x4da src/DMS.o
 .debug_info    0x000004da      0x374 src/Hll.o
 .debug_info    0x0000084e      0x783 src/PID.o
 .debug_info    0x00000fd1      0x48c src/Schedular.o
 .debug_info    0x0000145d      0x524 src/SchoolZone.o
 .debug_info    0x00001981     0x141b src/adc.o
 .debug_info    0x00002d9c      0xd6d src/cameraController.o
 .debug_info    0x00003b09      0xea8 src/driveController.o
 .debug_info    0x000049b1      0x759 src/encoder.o
 .debug_info    0x0000510a      0xbea src/encoder_set.o
 .debug_info    0x00005cf4     0x10ba src/imageProcess.o
 .debug_info    0x00006dae      0x428 src/interrupts.o
 .debug_info    0x000071d6      0x450 src/main.o
 .debug_info    0x00007626      0x43d src/queueADT.o
 .debug_info    0x00007a63      0x232 src/rpm_RC.o
 .debug_info    0x00007c95     0x10d8 src/systemController.o
 .debug_info    0x00008d6d      0xbf8 src/timerInputModule.o
 .debug_info    0x00009965     0x1fb1 src/timerOutputModule.o
 .debug_info    0x0000b916      0xc52 src/vehicleController.o
 .debug_info    0x0000c568      0x364 c:/hightec/toolchains/tricore/v4.9.1.0-infineon-1.1/bin/../lib/gcc/tricore/4.9.4/tc161/short-double\libgcc.a(_fixunsdfsi.o)
 .debug_info    0x0000c8cc      0x879 c:/hightec/toolchains/tricore/v4.9.1.0-infineon-1.1/bin/../lib/gcc/tricore/4.9.4/tc161/short-double\libgcc.a(_addsub_df.o)
 .debug_info    0x0000d145      0x7db c:/hightec/toolchains/tricore/v4.9.1.0-infineon-1.1/bin/../lib/gcc/tricore/4.9.4/tc161/short-double\libgcc.a(_mul_df.o)
 .debug_info    0x0000d920      0x6fa c:/hightec/toolchains/tricore/v4.9.1.0-infineon-1.1/bin/../lib/gcc/tricore/4.9.4/tc161/short-double\libgcc.a(_div_df.o)
 .debug_info    0x0000e01a      0x601 c:/hightec/toolchains/tricore/v4.9.1.0-infineon-1.1/bin/../lib/gcc/tricore/4.9.4/tc161/short-double\libgcc.a(_ge_df.o)
 .debug_info    0x0000e61b      0x601 c:/hightec/toolchains/tricore/v4.9.1.0-infineon-1.1/bin/../lib/gcc/tricore/4.9.4/tc161/short-double\libgcc.a(_lt_df.o)
 .debug_info    0x0000ec1c      0x530 c:/hightec/toolchains/tricore/v4.9.1.0-infineon-1.1/bin/../lib/gcc/tricore/4.9.4/tc161/short-double\libgcc.a(_si_to_df.o)
 .debug_info    0x0000f14c      0x5c6 c:/hightec/toolchains/tricore/v4.9.1.0-infineon-1.1/bin/../lib/gcc/tricore/4.9.4/tc161/short-double\libgcc.a(_df_to_si.o)
 .debug_info    0x0000f712      0x3ff c:/hightec/toolchains/tricore/v4.9.1.0-infineon-1.1/bin/../lib/gcc/tricore/4.9.4/tc161/short-double\libgcc.a(_thenan_df.o)
 .debug_info    0x0000fb11       0xc9 c:/hightec/toolchains/tricore/v4.9.1.0-infineon-1.1/bin/../lib/gcc/tricore/4.9.4/tc161/short-double\libgcc.a(_ashldi3.o)
 .debug_info    0x0000fbda       0xc9 c:/hightec/toolchains/tricore/v4.9.1.0-infineon-1.1/bin/../lib/gcc/tricore/4.9.4/tc161/short-double\libgcc.a(_lshrdi3.o)
 .debug_info    0x0000fca3      0x5b1 c:/hightec/toolchains/tricore/v4.9.1.0-infineon-1.1/bin/../lib/gcc/tricore/4.9.4/tc161/short-double\libgcc.a(_pack_df.o)
 .debug_info    0x00010254      0x530 c:/hightec/toolchains/tricore/v4.9.1.0-infineon-1.1/bin/../lib/gcc/tricore/4.9.4/tc161/short-double\libgcc.a(_unpack_df.o)
 .debug_info    0x00010784      0x4c6 c:/hightec/toolchains/tricore/v4.9.1.0-infineon-1.1/bin/../lib/gcc/tricore/4.9.4/tc161/short-double\libgcc.a(_fpcmp_parts_df.o)
 .debug_info    0x00010c4a      0x742 c:/hightec/toolchains/tricore/v4.9.1.0-infineon-1.1/bin/../lib/gcc/tricore/4.9.4/../../../../tricore/lib/tc161/short-double\libos.a(cint.o)
 .debug_info    0x0001138c      0x3b4 c:/hightec/toolchains/tricore/v4.9.1.0-infineon-1.1/bin/../lib/gcc/tricore/4.9.4/../../../../tricore/lib/tc161/short-double\libos.a(wdtcon.o)
 .debug_info    0x00011740      0x2bf c:/hightec/toolchains/tricore/v4.9.1.0-infineon-1.1/bin/../lib/gcc/tricore/4.9.4/../../../../tricore/lib/tc161/short-double\libos.a(libos_exit.o)
 .debug_info    0x000119ff      0x4ca c:/hightec/toolchains/tricore/v4.9.1.0-infineon-1.1/bin/../lib/gcc/tricore/4.9.4/../../../../tricore/lib/tc161/short-double\libm.a(lib_a-sf_atan.o)
 .debug_info    0x00011ec9      0x38d c:/hightec/toolchains/tricore/v4.9.1.0-infineon-1.1/bin/../lib/gcc/tricore/4.9.4/../../../../tricore/lib/tc161/short-double\libm.a(lib_a-sf_fabs.o)
 .debug_info    0x00012256      0x3c8 c:/hightec/toolchains/tricore/v4.9.1.0-infineon-1.1/bin/../lib/gcc/tricore/4.9.4/../../../../tricore/lib/tc161/short-double\libm.a(lib_a-wf_sincos.o)
 .debug_info    0x0001261e      0x4fe c:/hightec/toolchains/tricore/v4.9.1.0-infineon-1.1/bin/../lib/gcc/tricore/4.9.4/../../../../tricore/lib/tc161/short-double\libm.a(lib_a-sf_cos.o)
 .debug_info    0x00012b1c      0x4e3 c:/hightec/toolchains/tricore/v4.9.1.0-infineon-1.1/bin/../lib/gcc/tricore/4.9.4/../../../../tricore/lib/tc161/short-double\libm.a(lib_a-sf_sin.o)
 .debug_info    0x00012fff      0x61d c:/hightec/toolchains/tricore/v4.9.1.0-infineon-1.1/bin/../lib/gcc/tricore/4.9.4/../../../../tricore/lib/tc161/short-double\libm.a(lib_a-ef_rem_pio2.o)
 .debug_info    0x0001361c      0x417 c:/hightec/toolchains/tricore/v4.9.1.0-infineon-1.1/bin/../lib/gcc/tricore/4.9.4/../../../../tricore/lib/tc161/short-double\libm.a(lib_a-kf_cos.o)
 .debug_info    0x00013a33      0x5d8 c:/hightec/toolchains/tricore/v4.9.1.0-infineon-1.1/bin/../lib/gcc/tricore/4.9.4/../../../../tricore/lib/tc161/short-double\libm.a(lib_a-kf_rem_pio2.o)
 .debug_info    0x0001400b      0x3ad c:/hightec/toolchains/tricore/v4.9.1.0-infineon-1.1/bin/../lib/gcc/tricore/4.9.4/../../../../tricore/lib/tc161/short-double\libm.a(lib_a-kf_sin.o)
 .debug_info    0x000143b8      0x3fa c:/hightec/toolchains/tricore/v4.9.1.0-infineon-1.1/bin/../lib/gcc/tricore/4.9.4/../../../../tricore/lib/tc161/short-double\libm.a(lib_a-sf_floor.o)
 .debug_info    0x000147b2      0x4c2 c:/hightec/toolchains/tricore/v4.9.1.0-infineon-1.1/bin/../lib/gcc/tricore/4.9.4/../../../../tricore/lib/tc161/short-double\libm.a(lib_a-sf_scalbn.o)
 .debug_info    0x00014c74      0x3db c:/hightec/toolchains/tricore/v4.9.1.0-infineon-1.1/bin/../lib/gcc/tricore/4.9.4/../../../../tricore/lib/tc161/short-double\libm.a(lib_a-sf_copysign.o)
 .debug_info    0x0001504f       0x8c c:/hightec/toolchains/tricore/v4.9.1.0-infineon-1.1/bin/../lib/gcc/tricore/4.9.4/tc161/short-double/crtn.o

.debug_abbrev   memory region -> *default*
                0x00000000     0x3a2d
 .debug_abbrev  0x00000000      0x10e src/DMS.o
 .debug_abbrev  0x0000010e       0xad src/Hll.o
 .debug_abbrev  0x000001bb       0xee src/PID.o
 .debug_abbrev  0x000002a9       0x70 src/Schedular.o
 .debug_abbrev  0x00000319       0xdf src/SchoolZone.o
 .debug_abbrev  0x000003f8       0xfe src/adc.o
 .debug_abbrev  0x000004f6      0x23a src/cameraController.o
 .debug_abbrev  0x00000730      0x242 src/driveController.o
 .debug_abbrev  0x00000972       0xc5 src/encoder.o
 .debug_abbrev  0x00000a37      0x105 src/encoder_set.o
 .debug_abbrev  0x00000b3c      0x2ce src/imageProcess.o
 .debug_abbrev  0x00000e0a      0x19a src/interrupts.o
 .debug_abbrev  0x00000fa4      0x12b src/main.o
 .debug_abbrev  0x000010cf      0x14a src/queueADT.o
 .debug_abbrev  0x00001219       0x6b src/rpm_RC.o
 .debug_abbrev  0x00001284      0x1bd src/systemController.o
 .debug_abbrev  0x00001441      0x105 src/timerInputModule.o
 .debug_abbrev  0x00001546      0x105 src/timerOutputModule.o
 .debug_abbrev  0x0000164b      0x225 src/vehicleController.o
 .debug_abbrev  0x00001870       0x54 c:/hightec/toolchains/tricore/v4.9.1.0-infineon-1.1/bin/../lib/gcc/tricore/4.9.4/tc161/short-double\libgcc.a(_fixunsdfsi.o)
 .debug_abbrev  0x000018c4      0x1e4 c:/hightec/toolchains/tricore/v4.9.1.0-infineon-1.1/bin/../lib/gcc/tricore/4.9.4/tc161/short-double\libgcc.a(_addsub_df.o)
 .debug_abbrev  0x00001aa8      0x217 c:/hightec/toolchains/tricore/v4.9.1.0-infineon-1.1/bin/../lib/gcc/tricore/4.9.4/tc161/short-double\libgcc.a(_mul_df.o)
 .debug_abbrev  0x00001cbf      0x214 c:/hightec/toolchains/tricore/v4.9.1.0-infineon-1.1/bin/../lib/gcc/tricore/4.9.4/tc161/short-double\libgcc.a(_div_df.o)
 .debug_abbrev  0x00001ed3      0x19e c:/hightec/toolchains/tricore/v4.9.1.0-infineon-1.1/bin/../lib/gcc/tricore/4.9.4/tc161/short-double\libgcc.a(_ge_df.o)
 .debug_abbrev  0x00002071      0x19e c:/hightec/toolchains/tricore/v4.9.1.0-infineon-1.1/bin/../lib/gcc/tricore/4.9.4/tc161/short-double\libgcc.a(_lt_df.o)
 .debug_abbrev  0x0000220f      0x195 c:/hightec/toolchains/tricore/v4.9.1.0-infineon-1.1/bin/../lib/gcc/tricore/4.9.4/tc161/short-double\libgcc.a(_si_to_df.o)
 .debug_abbrev  0x000023a4      0x18d c:/hightec/toolchains/tricore/v4.9.1.0-infineon-1.1/bin/../lib/gcc/tricore/4.9.4/tc161/short-double\libgcc.a(_df_to_si.o)
 .debug_abbrev  0x00002531       0xab c:/hightec/toolchains/tricore/v4.9.1.0-infineon-1.1/bin/../lib/gcc/tricore/4.9.4/tc161/short-double\libgcc.a(_thenan_df.o)
 .debug_abbrev  0x000025dc       0x14 c:/hightec/toolchains/tricore/v4.9.1.0-infineon-1.1/bin/../lib/gcc/tricore/4.9.4/tc161/short-double\libgcc.a(_ashldi3.o)
 .debug_abbrev  0x000025f0       0x14 c:/hightec/toolchains/tricore/v4.9.1.0-infineon-1.1/bin/../lib/gcc/tricore/4.9.4/tc161/short-double\libgcc.a(_lshrdi3.o)
 .debug_abbrev  0x00002604      0x19d c:/hightec/toolchains/tricore/v4.9.1.0-infineon-1.1/bin/../lib/gcc/tricore/4.9.4/tc161/short-double\libgcc.a(_pack_df.o)
 .debug_abbrev  0x000027a1      0x13a c:/hightec/toolchains/tricore/v4.9.1.0-infineon-1.1/bin/../lib/gcc/tricore/4.9.4/tc161/short-double\libgcc.a(_unpack_df.o)
 .debug_abbrev  0x000028db      0x11d c:/hightec/toolchains/tricore/v4.9.1.0-infineon-1.1/bin/../lib/gcc/tricore/4.9.4/tc161/short-double\libgcc.a(_fpcmp_parts_df.o)
 .debug_abbrev  0x000029f8      0x233 c:/hightec/toolchains/tricore/v4.9.1.0-infineon-1.1/bin/../lib/gcc/tricore/4.9.4/../../../../tricore/lib/tc161/short-double\libos.a(cint.o)
 .debug_abbrev  0x00002c2b       0xff c:/hightec/toolchains/tricore/v4.9.1.0-infineon-1.1/bin/../lib/gcc/tricore/4.9.4/../../../../tricore/lib/tc161/short-double\libos.a(wdtcon.o)
 .debug_abbrev  0x00002d2a       0x64 c:/hightec/toolchains/tricore/v4.9.1.0-infineon-1.1/bin/../lib/gcc/tricore/4.9.4/../../../../tricore/lib/tc161/short-double\libos.a(libos_exit.o)
 .debug_abbrev  0x00002d8e      0x12c c:/hightec/toolchains/tricore/v4.9.1.0-infineon-1.1/bin/../lib/gcc/tricore/4.9.4/../../../../tricore/lib/tc161/short-double\libm.a(lib_a-sf_atan.o)
 .debug_abbrev  0x00002eba       0xdd c:/hightec/toolchains/tricore/v4.9.1.0-infineon-1.1/bin/../lib/gcc/tricore/4.9.4/../../../../tricore/lib/tc161/short-double\libm.a(lib_a-sf_fabs.o)
 .debug_abbrev  0x00002f97       0xa6 c:/hightec/toolchains/tricore/v4.9.1.0-infineon-1.1/bin/../lib/gcc/tricore/4.9.4/../../../../tricore/lib/tc161/short-double\libm.a(lib_a-wf_sincos.o)
 .debug_abbrev  0x0000303d      0x1ac c:/hightec/toolchains/tricore/v4.9.1.0-infineon-1.1/bin/../lib/gcc/tricore/4.9.4/../../../../tricore/lib/tc161/short-double\libm.a(lib_a-sf_cos.o)
 .debug_abbrev  0x000031e9      0x196 c:/hightec/toolchains/tricore/v4.9.1.0-infineon-1.1/bin/../lib/gcc/tricore/4.9.4/../../../../tricore/lib/tc161/short-double\libm.a(lib_a-sf_sin.o)
 .debug_abbrev  0x0000337f      0x136 c:/hightec/toolchains/tricore/v4.9.1.0-infineon-1.1/bin/../lib/gcc/tricore/4.9.4/../../../../tricore/lib/tc161/short-double\libm.a(lib_a-ef_rem_pio2.o)
 .debug_abbrev  0x000034b5       0xc8 c:/hightec/toolchains/tricore/v4.9.1.0-infineon-1.1/bin/../lib/gcc/tricore/4.9.4/../../../../tricore/lib/tc161/short-double\libm.a(lib_a-kf_cos.o)
 .debug_abbrev  0x0000357d      0x106 c:/hightec/toolchains/tricore/v4.9.1.0-infineon-1.1/bin/../lib/gcc/tricore/4.9.4/../../../../tricore/lib/tc161/short-double\libm.a(lib_a-kf_rem_pio2.o)
 .debug_abbrev  0x00003683       0x9c c:/hightec/toolchains/tricore/v4.9.1.0-infineon-1.1/bin/../lib/gcc/tricore/4.9.4/../../../../tricore/lib/tc161/short-double\libm.a(lib_a-kf_sin.o)
 .debug_abbrev  0x0000371f      0x10b c:/hightec/toolchains/tricore/v4.9.1.0-infineon-1.1/bin/../lib/gcc/tricore/4.9.4/../../../../tricore/lib/tc161/short-double\libm.a(lib_a-sf_floor.o)
 .debug_abbrev  0x0000382a      0x10b c:/hightec/toolchains/tricore/v4.9.1.0-infineon-1.1/bin/../lib/gcc/tricore/4.9.4/../../../../tricore/lib/tc161/short-double\libm.a(lib_a-sf_scalbn.o)
 .debug_abbrev  0x00003935       0xe6 c:/hightec/toolchains/tricore/v4.9.1.0-infineon-1.1/bin/../lib/gcc/tricore/4.9.4/../../../../tricore/lib/tc161/short-double\libm.a(lib_a-sf_copysign.o)
 .debug_abbrev  0x00003a1b       0x12 c:/hightec/toolchains/tricore/v4.9.1.0-infineon-1.1/bin/../lib/gcc/tricore/4.9.4/tc161/short-double/crtn.o

.debug_aranges  memory region -> *default*
                0x00000000      0x6e8
 .debug_aranges
                0x00000000       0x20 src/DMS.o
 .debug_aranges
                0x00000020       0x20 src/Hll.o
 .debug_aranges
                0x00000040       0x20 src/PID.o
 .debug_aranges
                0x00000060       0x20 src/Schedular.o
 .debug_aranges
                0x00000080       0x20 src/SchoolZone.o
 .debug_aranges
                0x000000a0       0x20 src/adc.o
 .debug_aranges
                0x000000c0       0x20 src/cameraController.o
 .debug_aranges
                0x000000e0       0x20 src/driveController.o
 .debug_aranges
                0x00000100       0x20 src/encoder.o
 .debug_aranges
                0x00000120       0x20 src/encoder_set.o
 .debug_aranges
                0x00000140       0x20 src/imageProcess.o
 .debug_aranges
                0x00000160       0x20 src/interrupts.o
 .debug_aranges
                0x00000180       0x20 src/main.o
 .debug_aranges
                0x000001a0       0x20 src/queueADT.o
 .debug_aranges
                0x000001c0       0x20 src/rpm_RC.o
 .debug_aranges
                0x000001e0       0x20 src/systemController.o
 .debug_aranges
                0x00000200       0x20 src/timerInputModule.o
 .debug_aranges
                0x00000220       0x20 src/timerOutputModule.o
 .debug_aranges
                0x00000240       0x20 src/vehicleController.o
 .debug_aranges
                0x00000260       0x20 c:/hightec/toolchains/tricore/v4.9.1.0-infineon-1.1/bin/../lib/gcc/tricore/4.9.4/tc161/short-double\libgcc.a(_fixunsdfsi.o)
 .debug_aranges
                0x00000280       0x30 c:/hightec/toolchains/tricore/v4.9.1.0-infineon-1.1/bin/../lib/gcc/tricore/4.9.4/tc161/short-double\libgcc.a(_addsub_df.o)
 .debug_aranges
                0x000002b0       0x20 c:/hightec/toolchains/tricore/v4.9.1.0-infineon-1.1/bin/../lib/gcc/tricore/4.9.4/tc161/short-double\libgcc.a(_mul_df.o)
 .debug_aranges
                0x000002d0       0x20 c:/hightec/toolchains/tricore/v4.9.1.0-infineon-1.1/bin/../lib/gcc/tricore/4.9.4/tc161/short-double\libgcc.a(_div_df.o)
 .debug_aranges
                0x000002f0       0x20 c:/hightec/toolchains/tricore/v4.9.1.0-infineon-1.1/bin/../lib/gcc/tricore/4.9.4/tc161/short-double\libgcc.a(_ge_df.o)
 .debug_aranges
                0x00000310       0x20 c:/hightec/toolchains/tricore/v4.9.1.0-infineon-1.1/bin/../lib/gcc/tricore/4.9.4/tc161/short-double\libgcc.a(_lt_df.o)
 .debug_aranges
                0x00000330       0x20 c:/hightec/toolchains/tricore/v4.9.1.0-infineon-1.1/bin/../lib/gcc/tricore/4.9.4/tc161/short-double\libgcc.a(_si_to_df.o)
 .debug_aranges
                0x00000350       0x20 c:/hightec/toolchains/tricore/v4.9.1.0-infineon-1.1/bin/../lib/gcc/tricore/4.9.4/tc161/short-double\libgcc.a(_df_to_si.o)
 .debug_aranges
                0x00000370       0x18 c:/hightec/toolchains/tricore/v4.9.1.0-infineon-1.1/bin/../lib/gcc/tricore/4.9.4/tc161/short-double\libgcc.a(_thenan_df.o)
 .debug_aranges
                0x00000388       0x20 c:/hightec/toolchains/tricore/v4.9.1.0-infineon-1.1/bin/../lib/gcc/tricore/4.9.4/tc161/short-double\libgcc.a(_ashldi3.o)
 .debug_aranges
                0x000003a8       0x20 c:/hightec/toolchains/tricore/v4.9.1.0-infineon-1.1/bin/../lib/gcc/tricore/4.9.4/tc161/short-double\libgcc.a(_lshrdi3.o)
 .debug_aranges
                0x000003c8       0x20 c:/hightec/toolchains/tricore/v4.9.1.0-infineon-1.1/bin/../lib/gcc/tricore/4.9.4/tc161/short-double\libgcc.a(_pack_df.o)
 .debug_aranges
                0x000003e8       0x20 c:/hightec/toolchains/tricore/v4.9.1.0-infineon-1.1/bin/../lib/gcc/tricore/4.9.4/tc161/short-double\libgcc.a(_unpack_df.o)
 .debug_aranges
                0x00000408       0x20 c:/hightec/toolchains/tricore/v4.9.1.0-infineon-1.1/bin/../lib/gcc/tricore/4.9.4/tc161/short-double\libgcc.a(_fpcmp_parts_df.o)
 .debug_aranges
                0x00000428       0x80 c:/hightec/toolchains/tricore/v4.9.1.0-infineon-1.1/bin/../lib/gcc/tricore/4.9.4/../../../../tricore/lib/tc161/short-double\libos.a(cint.o)
 .debug_aranges
                0x000004a8       0x38 c:/hightec/toolchains/tricore/v4.9.1.0-infineon-1.1/bin/../lib/gcc/tricore/4.9.4/../../../../tricore/lib/tc161/short-double\libos.a(wdtcon.o)
 .debug_aranges
                0x000004e0       0x20 c:/hightec/toolchains/tricore/v4.9.1.0-infineon-1.1/bin/../lib/gcc/tricore/4.9.4/../../../../tricore/lib/tc161/short-double\libos.a(libos_exit.o)
 .debug_aranges
                0x00000500       0x28 c:/hightec/toolchains/tricore/v4.9.1.0-infineon-1.1/bin/../lib/gcc/tricore/4.9.4/../../../../tricore/lib/tc161/short-double\libm.a(lib_a-sf_atan.o)
 .debug_aranges
                0x00000528       0x28 c:/hightec/toolchains/tricore/v4.9.1.0-infineon-1.1/bin/../lib/gcc/tricore/4.9.4/../../../../tricore/lib/tc161/short-double\libm.a(lib_a-sf_fabs.o)
 .debug_aranges
                0x00000550       0x28 c:/hightec/toolchains/tricore/v4.9.1.0-infineon-1.1/bin/../lib/gcc/tricore/4.9.4/../../../../tricore/lib/tc161/short-double\libm.a(lib_a-wf_sincos.o)
 .debug_aranges
                0x00000578       0x28 c:/hightec/toolchains/tricore/v4.9.1.0-infineon-1.1/bin/../lib/gcc/tricore/4.9.4/../../../../tricore/lib/tc161/short-double\libm.a(lib_a-sf_cos.o)
 .debug_aranges
                0x000005a0       0x28 c:/hightec/toolchains/tricore/v4.9.1.0-infineon-1.1/bin/../lib/gcc/tricore/4.9.4/../../../../tricore/lib/tc161/short-double\libm.a(lib_a-sf_sin.o)
 .debug_aranges
                0x000005c8       0x20 c:/hightec/toolchains/tricore/v4.9.1.0-infineon-1.1/bin/../lib/gcc/tricore/4.9.4/../../../../tricore/lib/tc161/short-double\libm.a(lib_a-ef_rem_pio2.o)
 .debug_aranges
                0x000005e8       0x20 c:/hightec/toolchains/tricore/v4.9.1.0-infineon-1.1/bin/../lib/gcc/tricore/4.9.4/../../../../tricore/lib/tc161/short-double\libm.a(lib_a-kf_cos.o)
 .debug_aranges
                0x00000608       0x20 c:/hightec/toolchains/tricore/v4.9.1.0-infineon-1.1/bin/../lib/gcc/tricore/4.9.4/../../../../tricore/lib/tc161/short-double\libm.a(lib_a-kf_rem_pio2.o)
 .debug_aranges
                0x00000628       0x20 c:/hightec/toolchains/tricore/v4.9.1.0-infineon-1.1/bin/../lib/gcc/tricore/4.9.4/../../../../tricore/lib/tc161/short-double\libm.a(lib_a-kf_sin.o)
 .debug_aranges
                0x00000648       0x28 c:/hightec/toolchains/tricore/v4.9.1.0-infineon-1.1/bin/../lib/gcc/tricore/4.9.4/../../../../tricore/lib/tc161/short-double\libm.a(lib_a-sf_floor.o)
 .debug_aranges
                0x00000670       0x28 c:/hightec/toolchains/tricore/v4.9.1.0-infineon-1.1/bin/../lib/gcc/tricore/4.9.4/../../../../tricore/lib/tc161/short-double\libm.a(lib_a-sf_scalbn.o)
 .debug_aranges
                0x00000698       0x28 c:/hightec/toolchains/tricore/v4.9.1.0-infineon-1.1/bin/../lib/gcc/tricore/4.9.4/../../../../tricore/lib/tc161/short-double\libm.a(lib_a-sf_copysign.o)
 .debug_aranges
                0x000006c0       0x28 c:/hightec/toolchains/tricore/v4.9.1.0-infineon-1.1/bin/../lib/gcc/tricore/4.9.4/tc161/short-double/crtn.o

.debug_macro    memory region -> *default*
                0x00000000    0x2fc61
 .debug_macro   0x00000000       0xf9 src/DMS.o
 .debug_macro   0x000000f9     0x1b03 src/DMS.o
 .debug_macro   0x00001bfc       0x4c src/DMS.o
 .debug_macro   0x00001c48       0x6b src/DMS.o
 .debug_macro   0x00001cb3     0x91db src/DMS.o
 .debug_macro   0x0000ae8e     0x3415 src/DMS.o